Archive member included to satisfy reference by file (symbol)

/home/stanelie/.pebble-sdk/SDKs/current/sdk-core/pebble/aplite/lib/libpebble.a(tmp7jpKUopebble.o)
                              src/main.c.25.o (accel_tap_service_subscribe)
/home/stanelie/.pebble-sdk/SDKs/4.9.169/toolchain/arm-none-eabi/bin/../lib/gcc/arm-none-eabi/14.2.1/thumb/v7-m/nofp/libgcc.a(_arm_muldf3.o)
                              src/functions.c.25.o (__aeabi_dmul)
/home/stanelie/.pebble-sdk/SDKs/4.9.169/toolchain/arm-none-eabi/bin/../lib/gcc/arm-none-eabi/14.2.1/thumb/v7-m/nofp/libgcc.a(_arm_addsubdf3.o)
                              src/functions.c.25.o (__aeabi_dsub)
/home/stanelie/.pebble-sdk/SDKs/4.9.169/toolchain/arm-none-eabi/bin/../lib/gcc/arm-none-eabi/14.2.1/thumb/v7-m/nofp/libgcc.a(_arm_muldivdf3.o)
                              src/functions.c.25.o (__aeabi_ddiv)
/home/stanelie/.pebble-sdk/SDKs/4.9.169/toolchain/arm-none-eabi/bin/../lib/gcc/arm-none-eabi/14.2.1/thumb/v7-m/nofp/libgcc.a(_arm_fixdfsi.o)
                              src/functions.c.25.o (__aeabi_d2iz)
/home/stanelie/.pebble-sdk/SDKs/4.9.169/toolchain/arm-none-eabi/bin/../lib/gcc/arm-none-eabi/14.2.1/../../../../arm-none-eabi/lib/thumb/v7-m/nofp/libc.a(libc_a-atexit.o)
                              /home/stanelie/.pebble-sdk/SDKs/4.9.169/toolchain/arm-none-eabi/bin/../lib/gcc/arm-none-eabi/14.2.1/../../../../arm-none-eabi/lib/thumb/v7-m/nofp/crt0.o (atexit)
/home/stanelie/.pebble-sdk/SDKs/4.9.169/toolchain/arm-none-eabi/bin/../lib/gcc/arm-none-eabi/14.2.1/../../../../arm-none-eabi/lib/thumb/v7-m/nofp/libc.a(libc_a-exit.o)
                              /home/stanelie/.pebble-sdk/SDKs/4.9.169/toolchain/arm-none-eabi/bin/../lib/gcc/arm-none-eabi/14.2.1/../../../../arm-none-eabi/lib/thumb/v7-m/nofp/crt0.o (exit)
/home/stanelie/.pebble-sdk/SDKs/4.9.169/toolchain/arm-none-eabi/bin/../lib/gcc/arm-none-eabi/14.2.1/../../../../arm-none-eabi/lib/thumb/v7-m/nofp/libc.a(libc_a-ctype_.o)
                              src/PDUtils.c.25.o (_ctype_)
/home/stanelie/.pebble-sdk/SDKs/4.9.169/toolchain/arm-none-eabi/bin/../lib/gcc/arm-none-eabi/14.2.1/../../../../arm-none-eabi/lib/thumb/v7-m/nofp/libc.a(libc_a-findfp.o)
                              /home/stanelie/.pebble-sdk/SDKs/4.9.169/toolchain/arm-none-eabi/bin/../lib/gcc/arm-none-eabi/14.2.1/../../../../arm-none-eabi/lib/thumb/v7-m/nofp/libc.a(libc_a-exit.o) (__stdio_exit_handler)
/home/stanelie/.pebble-sdk/SDKs/4.9.169/toolchain/arm-none-eabi/bin/../lib/gcc/arm-none-eabi/14.2.1/../../../../arm-none-eabi/lib/thumb/v7-m/nofp/libc.a(libc_a-fwalk.o)
                              /home/stanelie/.pebble-sdk/SDKs/4.9.169/toolchain/arm-none-eabi/bin/../lib/gcc/arm-none-eabi/14.2.1/../../../../arm-none-eabi/lib/thumb/v7-m/nofp/libc.a(libc_a-findfp.o) (_fwalk_sglue)
/home/stanelie/.pebble-sdk/SDKs/4.9.169/toolchain/arm-none-eabi/bin/../lib/gcc/arm-none-eabi/14.2.1/../../../../arm-none-eabi/lib/thumb/v7-m/nofp/libc.a(libc_a-stdio.o)
                              /home/stanelie/.pebble-sdk/SDKs/4.9.169/toolchain/arm-none-eabi/bin/../lib/gcc/arm-none-eabi/14.2.1/../../../../arm-none-eabi/lib/thumb/v7-m/nofp/libc.a(libc_a-findfp.o) (__sread)
/home/stanelie/.pebble-sdk/SDKs/4.9.169/toolchain/arm-none-eabi/bin/../lib/gcc/arm-none-eabi/14.2.1/../../../../arm-none-eabi/lib/thumb/v7-m/nofp/libc.a(libc_a-strcspn.o)
                              src/PDUtils.c.25.o (strcspn)
/home/stanelie/.pebble-sdk/SDKs/4.9.169/toolchain/arm-none-eabi/bin/../lib/gcc/arm-none-eabi/14.2.1/../../../../arm-none-eabi/lib/thumb/v7-m/nofp/libc.a(libc_a-strspn.o)
                              src/PDUtils.c.25.o (strspn)
/home/stanelie/.pebble-sdk/SDKs/4.9.169/toolchain/arm-none-eabi/bin/../lib/gcc/arm-none-eabi/14.2.1/../../../../arm-none-eabi/lib/thumb/v7-m/nofp/libc.a(libc_a-closer.o)
                              /home/stanelie/.pebble-sdk/SDKs/4.9.169/toolchain/arm-none-eabi/bin/../lib/gcc/arm-none-eabi/14.2.1/../../../../arm-none-eabi/lib/thumb/v7-m/nofp/libc.a(libc_a-stdio.o) (_close_r)
/home/stanelie/.pebble-sdk/SDKs/4.9.169/toolchain/arm-none-eabi/bin/../lib/gcc/arm-none-eabi/14.2.1/../../../../arm-none-eabi/lib/thumb/v7-m/nofp/libc.a(libc_a-reent.o)
                              /home/stanelie/.pebble-sdk/SDKs/4.9.169/toolchain/arm-none-eabi/bin/../lib/gcc/arm-none-eabi/14.2.1/../../../../arm-none-eabi/lib/thumb/v7-m/nofp/libc.a(libc_a-closer.o) (errno)
/home/stanelie/.pebble-sdk/SDKs/4.9.169/toolchain/arm-none-eabi/bin/../lib/gcc/arm-none-eabi/14.2.1/../../../../arm-none-eabi/lib/thumb/v7-m/nofp/libc.a(libc_a-impure.o)
                              /home/stanelie/.pebble-sdk/SDKs/4.9.169/toolchain/arm-none-eabi/bin/../lib/gcc/arm-none-eabi/14.2.1/../../../../arm-none-eabi/lib/thumb/v7-m/nofp/libc.a(libc_a-reent.o) (_impure_ptr)
/home/stanelie/.pebble-sdk/SDKs/4.9.169/toolchain/arm-none-eabi/bin/../lib/gcc/arm-none-eabi/14.2.1/../../../../arm-none-eabi/lib/thumb/v7-m/nofp/libc.a(libc_a-lseekr.o)
[...]
Memory Configuration

Name             Origin             Length             Attributes
APP              0x00000000         0x00006000         xrw
*default*        0x00000000         0xffffffff

Linker script and memory map

LOAD /home/stanelie/.pebble-sdk/SDKs/4.9.169/toolchain/arm-none-eabi/bin/../lib/gcc/arm-none-eabi/14.2.1/thumb/v7-m/nofp/crti.o
LOAD /home/stanelie/.pebble-sdk/SDKs/4.9.169/toolchain/arm-none-eabi/bin/../lib/gcc/arm-none-eabi/14.2.1/thumb/v7-m/nofp/crtbegin.o
LOAD /home/stanelie/.pebble-sdk/SDKs/4.9.169/toolchain/arm-none-eabi/bin/../lib/gcc/arm-none-eabi/14.2.1/../../../../arm-none-eabi/lib/thumb/v7-m/nofp/crt0.o
LOAD src/PDUtils.c.25.o
LOAD src/appMessage.c.25.o
LOAD src/battery.c.25.o
LOAD src/bluetooth.c.25.o
LOAD src/functions.c.25.o
LOAD src/health.c.25.o
LOAD src/language.c.25.o
LOAD src/main.c.25.o
LOAD aplite/appinfo.auto.c.25.o
LOAD aplite/src/resource_ids.auto.c.25.o
LOAD src/message_keys.auto.c.25.o
LOAD /home/stanelie/.pebble-sdk/SDKs/current/sdk-core/pebble/aplite/lib/libpebble.a
START GROUP
LOAD /home/stanelie/.pebble-sdk/SDKs/4.9.169/toolchain/arm-none-eabi/bin/../lib/gcc/arm-none-eabi/14.2.1/thumb/v7-m/nofp/libgcc.a
LOAD /home/stanelie/.pebble-sdk/SDKs/4.9.169/toolchain/arm-none-eabi/bin/../lib/gcc/arm-none-eabi/14.2.1/../../../../arm-none-eabi/lib/thumb/v7-m/nofp/libc.a
END GROUP
LOAD /home/stanelie/.pebble-sdk/SDKs/4.9.169/toolchain/arm-none-eabi/bin/../lib/gcc/arm-none-eabi/14.2.1/thumb/v7-m/nofp/crtend.o
LOAD /home/stanelie/.pebble-sdk/SDKs/4.9.169/toolchain/arm-none-eabi/bin/../lib/gcc/arm-none-eabi/14.2.1/thumb/v7-m/nofp/crtn.o

.header         0x00000000       0x82
 *(.pbl_header)
 .pbl_header    0x00000000       0x82 aplite/appinfo.auto.c.25.o
                0x00000000                __pbl_app_info

.note.gnu.build-id
                0x00000082       0x26
                [!provide]                        PROVIDE (BUILD_ID = .)
 *(.note.gnu.build-id)
 *fill*         0x00000082        0x2 
 .note.gnu.build-id
                0x00000084       0x24 linker stubs

.text           0x000000a8     0x3d78
 *(.text)
 .text          0x000000a8       0x14 /home/stanelie/.pebble-sdk/SDKs/current/sdk-core/pebble/aplite/lib/libpebble.a(tmp7jpKUopebble.o)
 *(.text.*)
 .text.p_mktime
                0x000000bc       0xa2 src/PDUtils.c.25.o
                0x000000bc                p_mktime
 *fill*         0x0000015e        0x2 
 .text.sync_tuple_changed_callback
                0x00000160      0x2f0 src/appMessage.c.25.o
 .text.loadInitialTuples
                0x00000450      0x124 src/appMessage.c.25.o
                0x00000450                loadInitialTuples
 .text.SetupMessages
                0x00000574      0x28c src/appMessage.c.25.o
                0x00000574                SetupMessages
 .text.battery_update_proc
                0x00000800       0x7c src/battery.c.25.o
                0x00000800                battery_update_proc
 .text.handle_battery
                0x0000087c       0x7c src/battery.c.25.o
                0x0000087c                handle_battery
 .text.vibes    0x000008f8       0x64 src/bluetooth.c.25.o
 .text.handle_bluetooth
                0x0000095c       0x58 src/bluetooth.c.25.o
                0x0000095c                handle_bluetooth
 .text.ExtendBackLight
                0x000009b4       0x2c src/functions.c.25.o
                0x000009b4                ExtendBackLight
 .text.hourlyVibe
                0x000009e0        0x8 src/functions.c.25.o
                0x000009e0                hourlyVibe
 .text.DoNotDisturb
                0x000009e8       0x32 src/functions.c.25.o
                0x000009e8                DoNotDisturb
 *fill*         0x00000a1a        0x2 
 .text.formatSunset
                0x00000a1c       0x9c src/functions.c.25.o
                0x00000a1c                formatSunset
 .text.formatSunrise
                0x00000ab8       0x98 src/functions.c.25.o
                0x00000ab8                formatSunrise
 .text.translateDay
                0x00000b50       0x50 src/language.c.25.o
                0x00000b50                translateDay
 .text.translateMonth
                0x00000ba0       0x40 src/language.c.25.o
                0x00000ba0                translateMonth
 .text.weatherTimer_callback
                0x00000be0       0x78 src/main.c.25.o
 .text.handle_deinit
                0x00000c58       0x20 src/main.c.25.o
                0x00000c58                handle_deinit
 .text.loadFontResources
                0x00000c78      0x108 src/main.c.25.o
                0x00000c78                loadFontResources
 .text.LoadDigital
                0x00000d80      0x2b0 src/main.c.25.o
                0x00000d80                LoadDigital
 .text.getDate  0x00001030      0x3a8 src/main.c.25.o
                0x00001030                getDate
 .text.loadPersistentData
                0x000013d8      0x388 src/main.c.25.o
                0x000013d8                loadPersistentData
 .text.getTime  0x00001760       0x78 src/main.c.25.o
                0x00001760                getTime
 .text.handle_tick
                0x000017d8       0x88 src/main.c.25.o
                0x000017d8                handle_tick
 .text.SubscribeTickEvent
                0x00001860       0x64 src/main.c.25.o
                0x00001860                SubscribeTickEvent
 .text.refreshLayers
                0x000018c4      0x294 src/main.c.25.o
                0x000018c4                refreshLayers
 .text.LoadTemperature
                0x00001b58      0x1e4 src/main.c.25.o
                0x00001b58                LoadTemperature
 .text.handle_init
                0x00001d3c       0xf4 src/main.c.25.o
                0x00001d3c                handle_init
 .text.startup.main
                0x00001e30       0x12 src/main.c.25.o
                0x00001e30                main
 *fill*         0x00001e42        0x2 
 .text.UnloadTemperature
                0x00001e44       0x5c src/main.c.25.o
                0x00001e44                UnloadTemperature
 .text.loadForecastIcons
                0x00001ea0       0x6c src/main.c.25.o
                0x00001ea0                loadForecastIcons
 .text.unloadForecastIcons
                0x00001f0c       0x64 src/main.c.25.o
                0x00001f0c                unloadForecastIcons
 .text.LoadForecast
                0x00001f70      0x59c src/main.c.25.o
                0x00001f70                LoadForecast
 .text.accel_tap_handler
                0x0000250c       0x6c src/main.c.25.o
                0x0000250c                accel_tap_handler
 .text.UnloadForecast
                0x00002578       0xe4 src/main.c.25.o
                0x00002578                UnloadForecast
 .text.load3DaysIcons
                0x0000265c       0x7c src/main.c.25.o
                0x0000265c                load3DaysIcons
 .text.unload3DaysIcons
                0x000026d8       0x30 src/main.c.25.o
                0x000026d8                unload3DaysIcons
 .text.Load3Days
                0x00002708      0x5c4 src/main.c.25.o
                0x00002708                Load3Days
 .text.forecast_callback
                0x00002ccc       0x44 src/main.c.25.o
 .text.Unload3Days
                0x00002d10       0xd0 src/main.c.25.o
                0x00002d10                Unload3Days
 .text.forecast3Days_callback
                0x00002de0       0x34 src/main.c.25.o
 .text.accel_tap_service_subscribe
                0x00002e14        0xc /home/stanelie/.pebble-sdk/SDKs/current/sdk-core/pebble/aplite/lib/libpebble.a(tmp7jpKUopebble.o)
                0x00002e14                accel_tap_service_subscribe
 .text.app_event_loop
                0x00002e20        0xc /home/stanelie/.pebble-sdk/SDKs/current/sdk-core/pebble/aplite/lib/libpebble.a(tmp7jpKUopebble.o)
                0x00002e20                app_event_loop
 .text.app_message_open
                0x00002e2c        0xc /home/stanelie/.pebble-sdk/SDKs/current/sdk-core/pebble/aplite/lib/libpebble.a(tmp7jpKUopebble.o)
                0x00002e2c                app_message_open
 .text.app_sync_init
                0x00002e38        0xc /home/stanelie/.pebble-sdk/SDKs/current/sdk-core/pebble/aplite/lib/libpebble.a(tmp7jpKUopebble.o)
                0x00002e38                app_sync_init
 .text.app_timer_cancel
                0x00002e44        0xc /home/stanelie/.pebble-sdk/SDKs/current/sdk-core/pebble/aplite/lib/libpebble.a(tmp7jpKUopebble.o)
                0x00002e44                app_timer_cancel
 .text.app_timer_register
                0x00002e50        0xc /home/stanelie/.pebble-sdk/SDKs/current/sdk-core/pebble/aplite/lib/libpebble.a(tmp7jpKUopebble.o)
                0x00002e50                app_timer_register
 .text.battery_state_service_peek
                0x00002e5c        0xc /home/stanelie/.pebble-sdk/SDKs/current/sdk-core/pebble/aplite/lib/libpebble.a(tmp7jpKUopebble.o)
                0x00002e5c                battery_state_service_peek
 .text.battery_state_service_subscribe
                0x00002e68        0xc /home/stanelie/.pebble-sdk/SDKs/current/sdk-core/pebble/aplite/lib/libpebble.a(tmp7jpKUopebble.o)
                0x00002e68                battery_state_service_subscribe
 .text.bitmap_layer_create
                0x00002e74        0xc /home/stanelie/.pebble-sdk/SDKs/current/sdk-core/pebble/aplite/lib/libpebble.a(tmp7jpKUopebble.o)
                0x00002e74                bitmap_layer_create
 .text.bitmap_layer_destroy
                0x00002e80        0xc /home/stanelie/.pebble-sdk/SDKs/current/sdk-core/pebble/aplite/lib/libpebble.a(tmp7jpKUopebble.o)
                0x00002e80                bitmap_layer_destroy
 .text.bitmap_layer_get_layer
                0x00002e8c        0xc /home/stanelie/.pebble-sdk/SDKs/current/sdk-core/pebble/aplite/lib/libpebble.a(tmp7jpKUopebble.o)
                0x00002e8c                bitmap_layer_get_layer
 .text.bitmap_layer_set_bitmap
                0x00002e98        0xc /home/stanelie/.pebble-sdk/SDKs/current/sdk-core/pebble/aplite/lib/libpebble.a(tmp7jpKUopebble.o)
                0x00002e98                bitmap_layer_set_bitmap
 .text.bitmap_layer_set_compositing_mode
                0x00002ea4        0xc /home/stanelie/.pebble-sdk/SDKs/current/sdk-core/pebble/aplite/lib/libpebble.a(tmp7jpKUopebble.o)
                0x00002ea4                bitmap_layer_set_compositing_mode
 .text.bluetooth_connection_service_peek
                0x00002eb0        0xc /home/stanelie/.pebble-sdk/SDKs/current/sdk-core/pebble/aplite/lib/libpebble.a(tmp7jpKUopebble.o)
                0x00002eb0                bluetooth_connection_service_peek
 .text.clock_copy_time_string
                0x00002ebc        0xc /home/stanelie/.pebble-sdk/SDKs/current/sdk-core/pebble/aplite/lib/libpebble.a(tmp7jpKUopebble.o)
                0x00002ebc                clock_copy_time_string
 .text.clock_is_24h_style
                0x00002ec8        0xc /home/stanelie/.pebble-sdk/SDKs/current/sdk-core/pebble/aplite/lib/libpebble.a(tmp7jpKUopebble.o)
                0x00002ec8                clock_is_24h_style
 .text.dict_write_end
                0x00002ed4        0xc /home/stanelie/.pebble-sdk/SDKs/current/sdk-core/pebble/aplite/lib/libpebble.a(tmp7jpKUopebble.o)
                0x00002ed4                dict_write_end
 .text.dict_write_tuplet
                0x00002ee0        0xc /home/stanelie/.pebble-sdk/SDKs/current/sdk-core/pebble/aplite/lib/libpebble.a(tmp7jpKUopebble.o)
                0x00002ee0                dict_write_tuplet
 .text.fonts_load_custom_font
                0x00002eec        0xc /home/stanelie/.pebble-sdk/SDKs/current/sdk-core/pebble/aplite/lib/libpebble.a(tmp7jpKUopebble.o)
                0x00002eec                fonts_load_custom_font
 .text.gbitmap_create_with_resource
                0x00002ef8        0xc /home/stanelie/.pebble-sdk/SDKs/current/sdk-core/pebble/aplite/lib/libpebble.a(tmp7jpKUopebble.o)
                0x00002ef8                gbitmap_create_with_resource
 .text.gbitmap_destroy
                0x00002f04        0xc /home/stanelie/.pebble-sdk/SDKs/current/sdk-core/pebble/aplite/lib/libpebble.a(tmp7jpKUopebble.o)
                0x00002f04                gbitmap_destroy
 .text.gmtime   0x00002f10        0xc /home/stanelie/.pebble-sdk/SDKs/current/sdk-core/pebble/aplite/lib/libpebble.a(tmp7jpKUopebble.o)
                0x00002f10                gmtime
 .text.layer_add_child
                0x00002f1c        0xc /home/stanelie/.pebble-sdk/SDKs/current/sdk-core/pebble/aplite/lib/libpebble.a(tmp7jpKUopebble.o)
                0x00002f1c                layer_add_child
 .text.layer_create
                0x00002f28        0xc /home/stanelie/.pebble-sdk/SDKs/current/sdk-core/pebble/aplite/lib/libpebble.a(tmp7jpKUopebble.o)
                0x00002f28                layer_create
 .text.layer_get_bounds
                0x00002f34        0xc /home/stanelie/.pebble-sdk/SDKs/current/sdk-core/pebble/aplite/lib/libpebble.a(tmp7jpKUopebble.o)
                0x00002f34                layer_get_bounds
 .text.layer_mark_dirty
                0x00002f40        0xc /home/stanelie/.pebble-sdk/SDKs/current/sdk-core/pebble/aplite/lib/libpebble.a(tmp7jpKUopebble.o)
                0x00002f40                layer_mark_dirty
 .text.layer_set_frame
                0x00002f4c        0xc /home/stanelie/.pebble-sdk/SDKs/current/sdk-core/pebble/aplite/lib/libpebble.a(tmp7jpKUopebble.o)
                0x00002f4c                layer_set_frame
 .text.layer_set_update_proc
                0x00002f58        0xc /home/stanelie/.pebble-sdk/SDKs/current/sdk-core/pebble/aplite/lib/libpebble.a(tmp7jpKUopebble.o)
                0x00002f58                layer_set_update_proc
 .text.light_enable_interaction
                0x00002f64        0xc /home/stanelie/.pebble-sdk/SDKs/current/sdk-core/pebble/aplite/lib/libpebble.a(tmp7jpKUopebble.o)
                0x00002f64                light_enable_interaction
 .text.memcpy   0x00002f70        0xc /home/stanelie/.pebble-sdk/SDKs/current/sdk-core/pebble/aplite/lib/libpebble.a(tmp7jpKUopebble.o)
                0x00002f70                memcpy
 .text.memset   0x00002f7c        0xc /home/stanelie/.pebble-sdk/SDKs/current/sdk-core/pebble/aplite/lib/libpebble.a(tmp7jpKUopebble.o)
                0x00002f7c                memset
 .text.persist_exists
                0x00002f88        0xc /home/stanelie/.pebble-sdk/SDKs/current/sdk-core/pebble/aplite/lib/libpebble.a(tmp7jpKUopebble.o)
                0x00002f88                persist_exists
 .text.persist_read_int
                0x00002f94        0xc /home/stanelie/.pebble-sdk/SDKs/current/sdk-core/pebble/aplite/lib/libpebble.a(tmp7jpKUopebble.o)
                0x00002f94                persist_read_int
 .text.persist_write_bool
                0x00002fa0        0xc /home/stanelie/.pebble-sdk/SDKs/current/sdk-core/pebble/aplite/lib/libpebble.a(tmp7jpKUopebble.o)
                0x00002fa0                persist_write_bool
 .text.persist_write_int
                0x00002fac        0xc /home/stanelie/.pebble-sdk/SDKs/current/sdk-core/pebble/aplite/lib/libpebble.a(tmp7jpKUopebble.o)
                0x00002fac                persist_write_int
 .text.persist_write_string
                0x00002fb8        0xc /home/stanelie/.pebble-sdk/SDKs/current/sdk-core/pebble/aplite/lib/libpebble.a(tmp7jpKUopebble.o)
                0x00002fb8                persist_write_string
 .text.resource_get_handle
                0x00002fc4        0xc /home/stanelie/.pebble-sdk/SDKs/current/sdk-core/pebble/aplite/lib/libpebble.a(tmp7jpKUopebble.o)
                0x00002fc4                resource_get_handle
 .text.snprintf
                0x00002fd0        0xc /home/stanelie/.pebble-sdk/SDKs/current/sdk-core/pebble/aplite/lib/libpebble.a(tmp7jpKUopebble.o)
                0x00002fd0                snprintf
 .text.strcat   0x00002fdc        0xc /home/stanelie/.pebble-sdk/SDKs/current/sdk-core/pebble/aplite/lib/libpebble.a(tmp7jpKUopebble.o)
                0x00002fdc                strcat
 .text.strcmp   0x00002fe8        0xc /home/stanelie/.pebble-sdk/SDKs/current/sdk-core/pebble/aplite/lib/libpebble.a(tmp7jpKUopebble.o)
                0x00002fe8                strcmp
 .text.strcpy   0x00002ff4        0xc /home/stanelie/.pebble-sdk/SDKs/current/sdk-core/pebble/aplite/lib/libpebble.a(tmp7jpKUopebble.o)
                0x00002ff4                strcpy
 .text.strftime
                0x00003000        0xc /home/stanelie/.pebble-sdk/SDKs/current/sdk-core/pebble/aplite/lib/libpebble.a(tmp7jpKUopebble.o)
                0x00003000                strftime
 .text.strlen   0x0000300c        0xc /home/stanelie/.pebble-sdk/SDKs/current/sdk-core/pebble/aplite/lib/libpebble.a(tmp7jpKUopebble.o)
                0x0000300c                strlen
 .text.strncat  0x00003018        0xc /home/stanelie/.pebble-sdk/SDKs/current/sdk-core/pebble/aplite/lib/libpebble.a(tmp7jpKUopebble.o)
                0x00003018                strncat
 .text.tick_timer_service_subscribe
                0x00003024        0xc /home/stanelie/.pebble-sdk/SDKs/current/sdk-core/pebble/aplite/lib/libpebble.a(tmp7jpKUopebble.o)
                0x00003024                tick_timer_service_subscribe
 .text.tick_timer_service_unsubscribe
                0x00003030        0xc /home/stanelie/.pebble-sdk/SDKs/current/sdk-core/pebble/aplite/lib/libpebble.a(tmp7jpKUopebble.o)
                0x00003030                tick_timer_service_unsubscribe
 .text.vibes_double_pulse
                0x0000303c        0xc /home/stanelie/.pebble-sdk/SDKs/current/sdk-core/pebble/aplite/lib/libpebble.a(tmp7jpKUopebble.o)
                0x0000303c                vibes_double_pulse
 .text.vibes_long_pulse
                0x00003048        0xc /home/stanelie/.pebble-sdk/SDKs/current/sdk-core/pebble/aplite/lib/libpebble.a(tmp7jpKUopebble.o)
                0x00003048                vibes_long_pulse
 .text.window_create
                0x00003054        0xc /home/stanelie/.pebble-sdk/SDKs/current/sdk-core/pebble/aplite/lib/libpebble.a(tmp7jpKUopebble.o)
                0x00003054                window_create
 .text.window_destroy
                0x00003060        0xc /home/stanelie/.pebble-sdk/SDKs/current/sdk-core/pebble/aplite/lib/libpebble.a(tmp7jpKUopebble.o)
                0x00003060                window_destroy
 .text.window_get_root_layer
                0x0000306c        0xc /home/stanelie/.pebble-sdk/SDKs/current/sdk-core/pebble/aplite/lib/libpebble.a(tmp7jpKUopebble.o)
                0x0000306c                window_get_root_layer
 .text.window_stack_push
                0x00003078        0xc /home/stanelie/.pebble-sdk/SDKs/current/sdk-core/pebble/aplite/lib/libpebble.a(tmp7jpKUopebble.o)
                0x00003078                window_stack_push
 .text.app_message_outbox_begin
                0x00003084        0xc /home/stanelie/.pebble-sdk/SDKs/current/sdk-core/pebble/aplite/lib/libpebble.a(tmp7jpKUopebble.o)
                0x00003084                app_message_outbox_begin
 .text.app_message_outbox_send
                0x00003090        0xc /home/stanelie/.pebble-sdk/SDKs/current/sdk-core/pebble/aplite/lib/libpebble.a(tmp7jpKUopebble.o)
                0x00003090                app_message_outbox_send
 .text.persist_read_string
                0x0000309c        0xc /home/stanelie/.pebble-sdk/SDKs/current/sdk-core/pebble/aplite/lib/libpebble.a(tmp7jpKUopebble.o)
                0x0000309c                persist_read_string
 .text.i18n_get_system_locale
                0x000030a8        0xc /home/stanelie/.pebble-sdk/SDKs/current/sdk-core/pebble/aplite/lib/libpebble.a(tmp7jpKUopebble.o)
                0x000030a8                i18n_get_system_locale
 .text.setlocale
                0x000030b4        0xc /home/stanelie/.pebble-sdk/SDKs/current/sdk-core/pebble/aplite/lib/libpebble.a(tmp7jpKUopebble.o)
                0x000030b4                setlocale
 .text.graphics_context_set_stroke_color
                0x000030c0        0xc /home/stanelie/.pebble-sdk/SDKs/current/sdk-core/pebble/aplite/lib/libpebble.a(tmp7jpKUopebble.o)
                0x000030c0                graphics_context_set_stroke_color
 .text.window_set_background_color
                0x000030cc        0xc /home/stanelie/.pebble-sdk/SDKs/current/sdk-core/pebble/aplite/lib/libpebble.a(tmp7jpKUopebble.o)
                0x000030cc                window_set_background_color
 .text.localtime
                0x000030d8        0xc /home/stanelie/.pebble-sdk/SDKs/current/sdk-core/pebble/aplite/lib/libpebble.a(tmp7jpKUopebble.o)
                0x000030d8                localtime
 .text.graphics_context_set_stroke_width
                0x000030e4        0xc /home/stanelie/.pebble-sdk/SDKs/current/sdk-core/pebble/aplite/lib/libpebble.a(tmp7jpKUopebble.o)
                0x000030e4                graphics_context_set_stroke_width
 .text.text_layer_create
                0x000030f0        0xc /home/stanelie/.pebble-sdk/SDKs/current/sdk-core/pebble/aplite/lib/libpebble.a(tmp7jpKUopebble.o)
                0x000030f0                text_layer_create
 .text.text_layer_destroy
                0x000030fc        0xc /home/stanelie/.pebble-sdk/SDKs/current/sdk-core/pebble/aplite/lib/libpebble.a(tmp7jpKUopebble.o)
                0x000030fc                text_layer_destroy
 .text.text_layer_get_layer
                0x00003108        0xc /home/stanelie/.pebble-sdk/SDKs/current/sdk-core/pebble/aplite/lib/libpebble.a(tmp7jpKUopebble.o)
                0x00003108                text_layer_get_layer
 .text.text_layer_get_text
                0x00003114        0xc /home/stanelie/.pebble-sdk/SDKs/current/sdk-core/pebble/aplite/lib/libpebble.a(tmp7jpKUopebble.o)
                0x00003114                text_layer_get_text
 .text.text_layer_set_background_color
                0x00003120        0xc /home/stanelie/.pebble-sdk/SDKs/current/sdk-core/pebble/aplite/lib/libpebble.a(tmp7jpKUopebble.o)
                0x00003120                text_layer_set_background_color
 .text.text_layer_set_font
                0x0000312c        0xc /home/stanelie/.pebble-sdk/SDKs/current/sdk-core/pebble/aplite/lib/libpebble.a(tmp7jpKUopebble.o)
                0x0000312c                text_layer_set_font
 .text.text_layer_set_text
                0x00003138        0xc /home/stanelie/.pebble-sdk/SDKs/current/sdk-core/pebble/aplite/lib/libpebble.a(tmp7jpKUopebble.o)
                0x00003138                text_layer_set_text
 .text.text_layer_set_text_alignment
                0x00003144        0xc /home/stanelie/.pebble-sdk/SDKs/current/sdk-core/pebble/aplite/lib/libpebble.a(tmp7jpKUopebble.o)
                0x00003144                text_layer_set_text_alignment
 .text.text_layer_set_text_color
                0x00003150        0xc /home/stanelie/.pebble-sdk/SDKs/current/sdk-core/pebble/aplite/lib/libpebble.a(tmp7jpKUopebble.o)
                0x00003150                text_layer_set_text_color
 .text.time     0x0000315c        0xc /home/stanelie/.pebble-sdk/SDKs/current/sdk-core/pebble/aplite/lib/libpebble.a(tmp7jpKUopebble.o)
                0x0000315c                time
 .text.connection_service_peek_pebble_app_connection
                0x00003168        0xc /home/stanelie/.pebble-sdk/SDKs/current/sdk-core/pebble/aplite/lib/libpebble.a(tmp7jpKUopebble.o)
                0x00003168                connection_service_peek_pebble_app_connection
 .text.connection_service_subscribe
                0x00003174        0xc /home/stanelie/.pebble-sdk/SDKs/current/sdk-core/pebble/aplite/lib/libpebble.a(tmp7jpKUopebble.o)
                0x00003174                connection_service_subscribe
 .text.graphics_draw_arc
                0x00003180        0xc /home/stanelie/.pebble-sdk/SDKs/current/sdk-core/pebble/aplite/lib/libpebble.a(tmp7jpKUopebble.o)
                0x00003180                graphics_draw_arc
 *(.rodata)
 .rodata        0x0000318c       0x10 src/main.c.25.o
 *(.rodata*)
 .rodata.sync_tuple_changed_callback.str1.1
                0x0000319c      0xbee src/appMessage.c.25.o
                                  0xa (size before relaxing)
 .rodata.SetupMessages.str1.1
                0x00003d8a        0xe src/appMessage.c.25.o
 .rodata.handle_battery.str1.1
                0x00003d8a        0x7 src/battery.c.25.o
 .rodata.handle_bluetooth.str1.1
                0x00003d8a        0x3 src/bluetooth.c.25.o
 .rodata.formatSunset.str1.1
                0x00003d8a        0xc src/functions.c.25.o
 .rodata.str1.1
                0x00003d8a      0xba5 src/language.c.25.o
 .rodata.getDate.str1.1
                0x00003d8a       0x19 src/main.c.25.o
 .rodata.getTime.str1.1
                0x00003d8a        0xc src/main.c.25.o
 .rodata.handle_tick.str1.1
                0x00003d8a        0x3 src/main.c.25.o
 .rodata.str1.1
                0x00003d8a       0xb3 src/main.c.25.o
 *fill*         0x00003d8a        0x2 
 .rodata.WEATHER_ICONS_SMALL
                0x00003d8c       0x4c src/main.c.25.o
 .rodata.WEATHER_ICONS
                0x00003dd8       0x48 src/main.c.25.o

.glue_7         0x00003e20        0x0
 .glue_7        0x00003e20        0x0 linker stubs

.glue_7t        0x00003e20        0x0
 .glue_7t       0x00003e20        0x0 linker stubs

.vfp11_veneer   0x00003e20        0x0
 .vfp11_veneer  0x00003e20        0x0 linker stubs

.v4_bx          0x00003e20        0x0
 .v4_bx         0x00003e20        0x0 linker stubs

.init           0x00003e20        0x4
 .init          0x00003e20        0x4 /home/stanelie/.pebble-sdk/SDKs/4.9.169/toolchain/arm-none-eabi/bin/../lib/gcc/arm-none-eabi/14.2.1/thumb/v7-m/nofp/crti.o
                0x00003e20                _init

.fini           0x00003e24        0x4
 .fini          0x00003e24        0x4 /home/stanelie/.pebble-sdk/SDKs/4.9.169/toolchain/arm-none-eabi/bin/../lib/gcc/arm-none-eabi/14.2.1/thumb/v7-m/nofp/crti.o
                0x00003e24                _fini

.iplt           0x00003e28        0x0
 .iplt          0x00003e28        0x0 src/appMessage.c.25.o

.rel.dyn        0x00003e28        0x0
 .rel.iplt      0x00003e28        0x0 src/appMessage.c.25.o
 .rel.got       0x00003e28        0x0 src/appMessage.c.25.o

.data           0x00003e28      0x811
 *(.data)
 .data          0x00003e28        0x0 /home/stanelie/.pebble-sdk/SDKs/4.9.169/toolchain/arm-none-eabi/bin/../lib/gcc/arm-none-eabi/14.2.1/thumb/v7-m/nofp/crti.o
 .data          0x00003e28        0x0 /home/stanelie/.pebble-sdk/SDKs/4.9.169/toolchain/arm-none-eabi/bin/../lib/gcc/arm-none-eabi/14.2.1/thumb/v7-m/nofp/crtbegin.o
 .data          0x00003e28        0x0 /home/stanelie/.pebble-sdk/SDKs/4.9.169/toolchain/arm-none-eabi/bin/../lib/gcc/arm-none-eabi/14.2.1/../../../../arm-none-eabi/lib/thumb/v7-m/nofp/crt0.o
 .data          0x00003e28        0x0 src/PDUtils.c.25.o
 .data          0x00003e28        0x0 src/appMessage.c.25.o
 .data          0x00003e28        0x0 src/battery.c.25.o
 .data          0x00003e28        0x0 src/bluetooth.c.25.o
 .data          0x00003e28        0x0 src/functions.c.25.o
 .data          0x00003e28        0x0 src/health.c.25.o
 .data          0x00003e28        0x0 src/language.c.25.o
 .data          0x00003e28        0x0 src/main.c.25.o
 .data          0x00003e28        0x0 aplite/appinfo.auto.c.25.o
 .data          0x00003e28        0x0 aplite/src/resource_ids.auto.c.25.o
 .data          0x00003e28        0x0 src/message_keys.auto.c.25.o
 .data          0x00003e28        0x0 /home/stanelie/.pebble-sdk/SDKs/current/sdk-core/pebble/aplite/lib/libpebble.a(tmp7jpKUopebble.o)
 .data          0x00003e28        0x0 /home/stanelie/.pebble-sdk/SDKs/4.9.169/toolchain/arm-none-eabi/bin/../lib/gcc/arm-none-eabi/14.2.1/thumb/v7-m/nofp/libgcc.a(_arm_muldf3.o)
 .data          0x00003e28        0x0 /home/stanelie/.pebble-sdk/SDKs/4.9.169/toolchain/arm-none-eabi/bin/../lib/gcc/arm-none-eabi/14.2.1/thumb/v7-m/nofp/libgcc.a(_arm_addsubdf3.o)
 .data          0x00003e28        0x0 /home/stanelie/.pebble-sdk/SDKs/4.9.169/toolchain/arm-none-eabi/bin/../lib/gcc/arm-none-eabi/14.2.1/thumb/v7-m/nofp/libgcc.a(_arm_muldivdf3.o)
 .data          0x00003e28        0x0 /home/stanelie/.pebble-sdk/SDKs/4.9.169/toolchain/arm-none-eabi/bin/../lib/gcc/arm-none-eabi/14.2.1/thumb/v7-m/nofp/libgcc.a(_arm_fixdfsi.o)
 .data          0x00003e28        0x0 /home/stanelie/.pebble-sdk/SDKs/4.9.169/toolchain/arm-none-eabi/bin/../lib/gcc/arm-none-eabi/14.2.1/../../../../arm-none-eabi/lib/thumb/v7-m/nofp/libc.a(libc_a-atexit.o)
 .data          0x00003e28        0x0 /home/stanelie/.pebble-sdk/SDKs/4.9.169/toolchain/arm-none-eabi/bin/../lib/gcc/arm-none-eabi/14.2.1/../../../../arm-none-eabi/lib/thumb/v7-m/nofp/libc.a(libc_a-exit.o)
 .data          0x00003e28        0x0 /home/stanelie/.pebble-sdk/SDKs/4.9.169/toolchain/arm-none-eabi/bin/../lib/gcc/arm-none-eabi/14.2.1/../../../../arm-none-eabi/lib/thumb/v7-m/nofp/libc.a(libc_a-ctype_.o)
 .data          0x00003e28        0x0 /home/stanelie/.pebble-sdk/SDKs/4.9.169/toolchain/arm-none-eabi/bin/../lib/gcc/arm-none-eabi/14.2.1/../../../../arm-none-eabi/lib/thumb/v7-m/nofp/libc.a(libc_a-findfp.o)
 .data          0x00003e28        0x0 /home/stanelie/.pebble-sdk/SDKs/4.9.169/toolchain/arm-none-eabi/bin/../lib/gcc/arm-none-eabi/14.2.1/../../../../arm-none-eabi/lib/thumb/v7-m/nofp/libc.a(libc_a-fwalk.o)
 .data          0x00003e28        0x0 /home/stanelie/.pebble-sdk/SDKs/4.9.169/toolchain/arm-none-eabi/bin/../lib/gcc/arm-none-eabi/14.2.1/../../../../arm-none-eabi/lib/thumb/v7-m/nofp/libc.a(libc_a-stdio.o)
 .data          0x00003e28        0x0 /home/stanelie/.pebble-sdk/SDKs/4.9.169/toolchain/arm-none-eabi/bin/../lib/gcc/arm-none-eabi/14.2.1/../../../../arm-none-eabi/lib/thumb/v7-m/nofp/libc.a(libc_a-strcspn.o)
 .data          0x00003e28        0x0 /home/stanelie/.pebble-sdk/SDKs/4.9.169/toolchain/arm-none-eabi/bin/../lib/gcc/arm-none-eabi/14.2.1/../../../../arm-none-eabi/lib/thumb/v7-m/nofp/libc.a(libc_a-strspn.o)
 .data          0x00003e28        0x0 /home/stanelie/.pebble-sdk/SDKs/4.9.169/toolchain/arm-none-eabi/bin/../lib/gcc/arm-none-eabi/14.2.1/../../../../arm-none-eabi/lib/thumb/v7-m/nofp/libc.a(libc_a-closer.o)
 .data          0x00003e28        0x0 /home/stanelie/.pebble-sdk/SDKs/4.9.169/toolchain/arm-none-eabi/bin/../lib/gcc/arm-none-eabi/14.2.1/../../../../arm-none-eabi/lib/thumb/v7-m/nofp/libc.a(libc_a-reent.o)
 .data          0x00003e28        0x0 /home/stanelie/.pebble-sdk/SDKs/4.9.169/toolchain/arm-none-eabi/bin/../lib/gcc/arm-none-eabi/14.2.1/../../../../arm-none-eabi/lib/thumb/v7-m/nofp/libc.a(libc_a-impure.o)
 .data          0x00003e28        0x0 /home/stanelie/.pebble-sdk/SDKs/4.9.169/toolchain/arm-none-eabi/bin/../lib/gcc/arm-none-eabi/14.2.1/../../../../arm-none-eabi/lib/thumb/v7-m/nofp/libc.a(libc_a-lseekr.o)
 .data          0x00003e28        0x0 /home/stanelie/.pebble-sdk/SDKs/4.9.169/toolchain/arm-none-eabi/bin/../lib/gcc/arm-none-eabi/14.2.1/../../../../arm-none-eabi/lib/thumb/v7-m/nofp/libc.a(libc_a-readr.o)
 .data          0x00003e28        0x0 /home/stanelie/.pebble-sdk/SDKs/4.9.169/toolchain/arm-none-eabi/bin/../lib/gcc/arm-none-eabi/14.2.1/../../../../arm-none-eabi/lib/thumb/v7-m/nofp/libc.a(libc_a-writer.o)
 .data          0x00003e28        0x0 /home/stanelie/.pebble-sdk/SDKs/4.9.169/toolchain/arm-none-eabi/bin/../lib/gcc/arm-none-eabi/14.2.1/../../../../arm-none-eabi/lib/thumb/v7-m/nofp/libc.a(libc_a-init.o)
 .data          0x00003e28        0x0 /home/stanelie/.pebble-sdk/SDKs/4.9.169/toolchain/arm-none-eabi/bin/../lib/gcc/arm-none-eabi/14.2.1/../../../../arm-none-eabi/lib/thumb/v7-m/nofp/libc.a(libc_a-fini.o)
 .data          0x00003e28        0x0 /home/stanelie/.pebble-sdk/SDKs/4.9.169/toolchain/arm-none-eabi/bin/../lib/gcc/arm-none-eabi/14.2.1/../../../../arm-none-eabi/lib/thumb/v7-m/nofp/libc.a(libc_a-lock.o)
 .data          0x00003e28        0x0 /home/stanelie/.pebble-sdk/SDKs/4.9.169/toolchain/arm-none-eabi/bin/../lib/gcc/arm-none-eabi/14.2.1/../../../../arm-none-eabi/lib/thumb/v7-m/nofp/libc.a(libc_a-__atexit.o)
 .data          0x00003e28        0x0 /home/stanelie/.pebble-sdk/SDKs/4.9.169/toolchain/arm-none-eabi/bin/../lib/gcc/arm-none-eabi/14.2.1/../../../../arm-none-eabi/lib/thumb/v7-m/nofp/libc.a(libc_a-__call_atexit.o)
 .data          0x00003e28        0x0 /home/stanelie/.pebble-sdk/SDKs/4.9.169/toolchain/arm-none-eabi/bin/../lib/gcc/arm-none-eabi/14.2.1/../../../../arm-none-eabi/lib/thumb/v7-m/nofp/libc.a(libc_a-freer.o)
 .data          0x00003e28        0x0 /home/stanelie/.pebble-sdk/SDKs/4.9.169/toolchain/arm-none-eabi/bin/../lib/gcc/arm-none-eabi/14.2.1/../../../../arm-none-eabi/lib/thumb/v7-m/nofp/libc.a(libc_a-mallocr.o)
 .data          0x00003e28        0x0 /home/stanelie/.pebble-sdk/SDKs/4.9.169/toolchain/arm-none-eabi/bin/../lib/gcc/arm-none-eabi/14.2.1/../../../../arm-none-eabi/lib/thumb/v7-m/nofp/libc.a(libc_a-mlock.o)
 .data          0x00003e28        0x0 /home/stanelie/.pebble-sdk/SDKs/4.9.169/toolchain/arm-none-eabi/bin/../lib/gcc/arm-none-eabi/14.2.1/../../../../arm-none-eabi/lib/thumb/v7-m/nofp/libc.a(libc_a-fclose.o)
 .data          0x00003e28        0x0 /home/stanelie/.pebble-sdk/SDKs/4.9.169/toolchain/arm-none-eabi/bin/../lib/gcc/arm-none-eabi/14.2.1/../../../../arm-none-eabi/lib/thumb/v7-m/nofp/libc.a(libc_a-fflush.o)
 .data          0x00003e28        0x0 /home/stanelie/.pebble-sdk/SDKs/4.9.169/toolchain/arm-none-eabi/bin/../lib/gcc/arm-none-eabi/14.2.1/../../../../arm-none-eabi/lib/thumb/v7-m/nofp/libc.a(libc_a-sbrkr.o)
 .data          0x00003e28        0x0 /home/stanelie/.pebble-sdk/SDKs/4.9.169/toolchain/arm-none-eabi/bin/../lib/gcc/arm-none-eabi/14.2.1/../../../../arm-none-eabi/lib/thumb/v7-m/nofp/libc.a(libc_a-sysconf.o)
 .data          0x00003e28        0x0 /home/stanelie/.pebble-sdk/SDKs/4.9.169/toolchain/arm-none-eabi/bin/../lib/gcc/arm-none-eabi/14.2.1/../../../../arm-none-eabi/lib/thumb/v7-m/nofp/libc.a(libc_a-errno.o)
 .data          0x00003e28        0x0 /home/stanelie/.pebble-sdk/SDKs/4.9.169/toolchain/arm-none-eabi/bin/../lib/gcc/arm-none-eabi/14.2.1/thumb/v7-m/nofp/crtend.o
 .data          0x00003e28        0x0 /home/stanelie/.pebble-sdk/SDKs/4.9.169/toolchain/arm-none-eabi/bin/../lib/gcc/arm-none-eabi/14.2.1/thumb/v7-m/nofp/crtn.o
 *(.data.*)
 .data.initial_Language
                0x00003e28        0x4 src/appMessage.c.25.o
                0x00003e28                initial_Language
 .data.initial_ESDuration_ms
                0x00003e2c        0x4 src/appMessage.c.25.o
                0x00003e2c                initial_ESDuration_ms
 .data.initial_timeout_ms
                0x00003e30        0x4 src/appMessage.c.25.o
                0x00003e30                initial_timeout_ms
 .data.initial_ICON_CODE
                0x00003e34        0x4 src/appMessage.c.25.o
                0x00003e34                initial_ICON_CODE
 .data.initial_temp
                0x00003e38        0x6 src/appMessage.c.25.o
 .data.update_text
                0x00003e3e        0x6 src/appMessage.c.25.o
 .data.formatedsunrise.0
                0x00003e44        0x6 src/functions.c.25.o
 .data.formatedsunset.1
                0x00003e4a        0x6 src/functions.c.25.o
 .data.rel.ro.local.MONTHS
                0x00003e50      0x3f4 src/language.c.25.o
 .data.rel.ro.local.WEEKDAYS
                0x00004244      0x250 src/language.c.25.o
 .data.rel.ro.local.japanese_numbers
                0x00004494       0x80 src/main.c.25.o
 .data.day3L    0x00004514        0x7 src/main.c.25.o
 .data.day3H    0x0000451b        0x7 src/main.c.25.o
 .data.day2L    0x00004522        0x7 src/main.c.25.o
 .data.day2H    0x00004529        0x7 src/main.c.25.o
 .data.day1L    0x00004530        0x7 src/main.c.25.o
 .data.day1H    0x00004537        0x7 src/main.c.25.o
 .data.weekday3_text
                0x0000453e        0xe src/main.c.25.o
 .data.weekday2_text
                0x0000454c        0xe src/main.c.25.o
 .data.weekday1_text
                0x0000455a        0xe src/main.c.25.o
 .data.PoP      0x00004568        0x5 src/main.c.25.o
 .data.wind     0x0000456d        0x6 src/main.c.25.o
 .data.sunset   0x00004573        0x6 src/main.c.25.o
 .data.sunrise  0x00004579        0x6 src/main.c.25.o
 .data.low      0x0000457f        0x6 src/main.c.25.o
 .data.high     0x00004585        0x6 src/main.c.25.o
 *fill*         0x0000458b        0x1 
 .data.ESDuration_ms
                0x0000458c        0x4 src/main.c.25.o
                0x0000458c                ESDuration_ms
 .data.timeout_ms
                0x00004590        0x4 src/main.c.25.o
                0x00004590                timeout_ms
 .data.last_update
                0x00004594        0x7 src/main.c.25.o
 .data.city     0x0000459b       0x64 src/main.c.25.o
 *fill*         0x000045ff        0x1 
 .data.ICON_CODE
                0x00004600        0x4 src/main.c.25.o
                0x00004600                ICON_CODE
 .data.temp     0x00004604        0x6 src/main.c.25.o
 *fill*         0x0000460a        0x2 
 .data.intLangCounter
                0x0000460c        0x4 src/main.c.25.o
                0x0000460c                intLangCounter
 .data.intLanguage
                0x00004610        0x4 src/main.c.25.o
                0x00004610                intLanguage
 .data.seconds_text
                0x00004614        0x3 src/main.c.25.o
 .data.time_text
                0x00004617        0x6 src/main.c.25.o
 .data.month_text
                0x0000461d        0xf src/main.c.25.o
 .data.weekday_text
                0x0000462c        0xd src/main.c.25.o

.igot.plt       0x0000463c        0x0
 .igot.plt      0x0000463c        0x0 src/appMessage.c.25.o

.got            0x0000463c      0x108
 .got           0x0000463c      0x108 src/appMessage.c.25.o

.got.plt        0x00004744        0xc
 .got.plt       0x00004744        0xc src/appMessage.c.25.o
                0x00004744                _GLOBAL_OFFSET_TABLE_

.bss            0x00004750      0x45c
 *(.bss)
 *(.bss.*)
 .bss.initial_blnBacklight
                0x00004750        0x1 src/appMessage.c.25.o
                0x00004750                initial_blnBacklight
 .bss.initial_bln3daysForecast
                0x00004751        0x1 src/appMessage.c.25.o
                0x00004751                initial_bln3daysForecast
 .bss.initial_blnseconds
                0x00004752        0x1 src/appMessage.c.25.o
                0x00004752                initial_blnseconds
 .bss.initial_HourlyVibe
                0x00004753        0x1 src/appMessage.c.25.o
                0x00004753                initial_HourlyVibe
 .bss.initial_city
                0x00004754       0x64 src/appMessage.c.25.o
 .bss.sync      0x000047b8       0x20 src/appMessage.c.25.o
 .bss.battery_text.0
                0x000047d8        0x9 src/battery.c.25.o
 *fill*         0x000047e1        0x3 
 .bss.blnConnected
                0x000047e4        0x4 src/bluetooth.c.25.o
                0x000047e4                blnConnected
 .bss.translatedMonth.0
                0x000047e8        0xd src/language.c.25.o
 .bss.translatedWeekday.1
                0x000047f5        0xd src/language.c.25.o
 .bss.bln3daysForecast
                0x00004802        0x1 src/main.c.25.o
                0x00004802                bln3daysForecast
 .bss.strwdirection
                0x00004803       0x64 src/main.c.25.o
 .bss.blnForecast
                0x00004867        0x1 src/main.c.25.o
                0x00004867                blnForecast
 .bss.blnseconds
                0x00004868        0x1 src/main.c.25.o
                0x00004868                blnseconds
 .bss.blnBacklight
                0x00004869        0x1 src/main.c.25.o
                0x00004869                blnBacklight
 *fill*         0x0000486a        0x2 
 .bss.TapCount  0x0000486c        0x4 src/main.c.25.o
                0x0000486c                TapCount
 .bss.blnHourlyVibe
                0x00004870        0x1 src/main.c.25.o
                0x00004870                blnHourlyVibe
 *fill*         0x00004871        0x3 
 .bss.intMonth  0x00004874        0x4 src/main.c.25.o
                0x00004874                intMonth
 .bss.intDay    0x00004878        0x4 src/main.c.25.o
                0x00004878                intDay
 .bss.intWDay   0x0000487c        0x4 src/main.c.25.o
                0x0000487c                intWDay
 .bss.forecast3_layer
                0x00004880        0x4 src/main.c.25.o
 .bss.forecast3
                0x00004884        0x4 src/main.c.25.o
 .bss.forecast2_layer
                0x00004888        0x4 src/main.c.25.o
 .bss.forecast2
                0x0000488c        0x4 src/main.c.25.o
 .bss.forecast1_layer
                0x00004890        0x4 src/main.c.25.o
 .bss.forecast1
                0x00004894        0x4 src/main.c.25.o
 .bss.weather_icon_layer
                0x00004898        0x4 src/main.c.25.o
 .bss.weather_image
                0x0000489c        0x4 src/main.c.25.o
 COMMON         0x000048a0      0x204 src/appMessage.c.25.o
                0x000048a0                sync_buffer
                0x00004aa0                oldLanguage
 COMMON         0x00004aa4       0xac src/battery.c.25.o
                0x00004aa4                Day2_Layer
                0x00004aa8                mainWindow
                0x00004aac                wind_icon_layer
                0x00004ab0                high_image
                0x00004ab4                Batt_Layer
                0x00004ab8                Sunrise_Layer
                0x00004abc                sunrise_image
                0x00004ac0                WDirection_Layer
                0x00004ac4                date_layer
                0x00004ac8                Day1_Layer
                0x00004acc                High1_Layer
                0x00004ad0                Low2_Layer
                0x00004ad4                rain_image
                0x00004ad8                wind_image
                0x00004adc                Wind_Layer
                0x00004ae0                line
                0x00004ae4                Low1_Layer
                0x00004ae8                sunset_icon_layer
                0x00004aec                Last_Update
                0x00004af0                battery_layer
                0x00004af4                ampm_layer
                0x00004af8                Low_Layer
                0x00004afc                seconds_layer
                0x00004b00                sunset_image
                0x00004b04                rain_icon_layer
                0x00004b08                Sunset_Layer
                0x00004b0c                Day3_Layer
                0x00004b10                Location_Layer
                0x00004b14                High2_Layer
                0x00004b18                High3_Layer
                0x00004b1c                Low3_Layer
                0x00004b20                high_icon_layer
                0x00004b24                High_Layer
                0x00004b28                low_icon_layer
                0x00004b2c                BT_icon_layer
                0x00004b30                BT_image
                0x00004b34                low_image
                0x00004b38                Time_Layer
                0x00004b3c                Temperature_Layer
                0x00004b40                Weekday_Layer
                0x00004b44                sunrise_icon_layer
                0x00004b48                PoP_Layer
                0x00004b4c                intBatteryLevel
 COMMON         0x00004b50        0x4 src/bluetooth.c.25.o
                0x00004b50                batt
 COMMON         0x00004b54        0x4 src/functions.c.25.o
                0x00004b54                BackLightTimer
 COMMON         0x00004b58       0x54 src/main.c.25.o
                0x00004b58                font_russian_date_forecast
                0x00004b5c                code2
                0x00004b60                res_d
                0x00004b64                res_u
                0x00004b68                font_asian
                0x00004b6c                font_date
                0x00004b70                day_month
                0x00004b80                res_t
                0x00004b84                res_temp
                0x00004b88                font_russian
                0x00004b8c                code3
                0x00004b90                code1
                0x00004b94                font_time
                0x00004b98                font_update
                0x00004b9c                res_asian
                0x00004ba0                font_temperature
                0x00004ba4                res_russian
                0x00004ba8                res_d_rus_forecast

DISCARD
 libc.a(*)
 libm.a(*)
 libgcc.a(*)
 *(.eh_frame)
OUTPUT(/home/stanelie/Documents/Yahoo--Weather/build/aplite/pebble-app.elf elf32-littlearm)
LOAD linker stubs
LOAD /home/stanelie/.pebble-sdk/SDKs/4.9.169/toolchain/arm-none-eabi/bin/../lib/gcc/arm-none-eabi/14.2.1/../../../../arm-none-eabi/lib/thumb/v7-m/nofp/libc.a
LOAD /home/stanelie/.pebble-sdk/SDKs/4.9.169/toolchain/arm-none-eabi/bin/../lib/gcc/arm-none-eabi/14.2.1/../../../../arm-none-eabi/lib/thumb/v7-m/nofp/libm.a
LOAD /home/stanelie/.pebble-sdk/SDKs/4.9.169/toolchain/arm-none-eabi/bin/../lib/gcc/arm-none-eabi/14.2.1/thumb/v7-m/nofp/libgcc.a

.ARM.attributes
                0x00000000       0x29
 .ARM.attributes
                0x00000000       0x1d /home/stanelie/.pebble-sdk/SDKs/4.9.169/toolchain/arm-none-eabi/bin/../lib/gcc/arm-none-eabi/14.2.1/thumb/v7-m/nofp/crti.o
 .ARM.attributes
                0x0000001d       0x2d /home/stanelie/.pebble-sdk/SDKs/4.9.169/toolchain/arm-none-eabi/bin/../lib/gcc/arm-none-eabi/14.2.1/thumb/v7-m/nofp/crtbegin.o
 .ARM.attributes
                0x0000004a       0x1b /home/stanelie/.pebble-sdk/SDKs/4.9.169/toolchain/arm-none-eabi/bin/../lib/gcc/arm-none-eabi/14.2.1/../../../../arm-none-eabi/lib/thumb/v7-m/nofp/crt0.o
 .ARM.attributes
                0x00000065       0x2d src/PDUtils.c.25.o
 .ARM.attributes
                0x00000092       0x2d src/appMessage.c.25.o
 .ARM.attributes
                0x000000bf       0x2d src/battery.c.25.o
 .ARM.attributes
                0x000000ec       0x2d src/bluetooth.c.25.o
 .ARM.attributes
                0x00000119       0x2d src/functions.c.25.o
 .ARM.attributes
                0x00000146       0x2d src/health.c.25.o
 .ARM.attributes
                0x00000173       0x2d src/language.c.25.o
 .ARM.attributes
                0x000001a0       0x2d src/main.c.25.o
 .ARM.attributes
                0x000001cd       0x2d aplite/appinfo.auto.c.25.o
 .ARM.attributes
                0x000001fa       0x2d aplite/src/resource_ids.auto.c.25.o
 .ARM.attributes
                0x00000227       0x2d src/message_keys.auto.c.25.o
 .ARM.attributes
                0x00000254       0x21 /home/stanelie/.pebble-sdk/SDKs/current/sdk-core/pebble/aplite/lib/libpebble.a(tmp7jpKUopebble.o)
 .ARM.attributes
                0x00000275       0x1d /home/stanelie/.pebble-sdk/SDKs/4.9.169/toolchain/arm-none-eabi/bin/../lib/gcc/arm-none-eabi/14.2.1/thumb/v7-m/nofp/libgcc.a(_arm_muldf3.o)
 .ARM.attributes
                0x00000292       0x1d /home/stanelie/.pebble-sdk/SDKs/4.9.169/toolchain/arm-none-eabi/bin/../lib/gcc/arm-none-eabi/14.2.1/thumb/v7-m/nofp/libgcc.a(_arm_addsubdf3.o)
 .ARM.attributes
                0x000002af       0x1d /home/stanelie/.pebble-sdk/SDKs/4.9.169/toolchain/arm-none-eabi/bin/../lib/gcc/arm-none-eabi/14.2.1/thumb/v7-m/nofp/libgcc.a(_arm_muldivdf3.o)
 .ARM.attributes
                0x000002cc       0x1d /home/stanelie/.pebble-sdk/SDKs/4.9.169/toolchain/arm-none-eabi/bin/../lib/gcc/arm-none-eabi/14.2.1/thumb/v7-m/nofp/libgcc.a(_arm_fixdfsi.o)
 .ARM.attributes
                0x000002e9       0x2d /home/stanelie/.pebble-sdk/SDKs/4.9.169/toolchain/arm-none-eabi/bin/../lib/gcc/arm-none-eabi/14.2.1/../../../../arm-none-eabi/lib/thumb/v7-m/nofp/libc.a(libc_a-atexit.o)
 .ARM.attributes
                0x00000316       0x2d /home/stanelie/.pebble-sdk/SDKs/4.9.169/toolchain/arm-none-eabi/bin/../lib/gcc/arm-none-eabi/14.2.1/../../../../arm-none-eabi/lib/thumb/v7-m/nofp/libc.a(libc_a-exit.o)
 .ARM.attributes
                0x00000343       0x2d /home/stanelie/.pebble-sdk/SDKs/4.9.169/toolchain/arm-none-eabi/bin/../lib/gcc/arm-none-eabi/14.2.1/../../../../arm-none-eabi/lib/thumb/v7-m/nofp/libc.a(libc_a-ctype_.o)
 .ARM.attributes
                0x00000370       0x2d /home/stanelie/.pebble-sdk/SDKs/4.9.169/toolchain/arm-none-eabi/bin/../lib/gcc/arm-none-eabi/14.2.1/../../../../arm-none-eabi/lib/thumb/v7-m/nofp/libc.a(libc_a-findfp.o)
 .ARM.attributes
                0x0000039d       0x2d /home/stanelie/.pebble-sdk/SDKs/4.9.169/toolchain/arm-none-eabi/bin/../lib/gcc/arm-none-eabi/14.2.1/../../../../arm-none-eabi/lib/thumb/v7-m/nofp/libc.a(libc_a-fwalk.o)
 .ARM.attributes
                0x000003ca       0x2d /home/stanelie/.pebble-sdk/SDKs/4.9.169/toolchain/arm-none-eabi/bin/../lib/gcc/arm-none-eabi/14.2.1/../../../../arm-none-eabi/lib/thumb/v7-m/nofp/libc.a(libc_a-stdio.o)
 .ARM.attributes
                0x000003f7       0x2d /home/stanelie/.pebble-sdk/SDKs/4.9.169/toolchain/arm-none-eabi/bin/../lib/gcc/arm-none-eabi/14.2.1/../../../../arm-none-eabi/lib/thumb/v7-m/nofp/libc.a(libc_a-strcspn.o)
 .ARM.attributes
                0x00000424       0x2d /home/stanelie/.pebble-sdk/SDKs/4.9.169/toolchain/arm-none-eabi/bin/../lib/gcc/arm-none-eabi/14.2.1/../../../../arm-none-eabi/lib/thumb/v7-m/nofp/libc.a(libc_a-strspn.o)
 .ARM.attributes
                0x00000451       0x2d /home/stanelie/.pebble-sdk/SDKs/4.9.169/toolchain/arm-none-eabi/bin/../lib/gcc/arm-none-eabi/14.2.1/../../../../arm-none-eabi/lib/thumb/v7-m/nofp/libc.a(libc_a-closer.o)
 .ARM.attributes
                0x0000047e       0x2d /home/stanelie/.pebble-sdk/SDKs/4.9.169/toolchain/arm-none-eabi/bin/../lib/gcc/arm-none-eabi/14.2.1/../../../../arm-none-eabi/lib/thumb/v7-m/nofp/libc.a(libc_a-reent.o)
 .ARM.attributes
                0x000004ab       0x2d /home/stanelie/.pebble-sdk/SDKs/4.9.169/toolchain/arm-none-eabi/bin/../lib/gcc/arm-none-eabi/14.2.1/../../../../arm-none-eabi/lib/thumb/v7-m/nofp/libc.a(libc_a-impure.o)
 .ARM.attributes
                0x000004d8       0x2d /home/stanelie/.pebble-sdk/SDKs/4.9.169/toolchain/arm-none-eabi/bin/../lib/gcc/arm-none-eabi/14.2.1/../../../../arm-none-eabi/lib/thumb/v7-m/nofp/libc.a(libc_a-lseekr.o)
 .ARM.attributes
                0x00000505       0x2d /home/stanelie/.pebble-sdk/SDKs/4.9.169/toolchain/arm-none-eabi/bin/../lib/gcc/arm-none-eabi/14.2.1/../../../../arm-none-eabi/lib/thumb/v7-m/nofp/libc.a(libc_a-readr.o)
 .ARM.attributes
                0x00000532       0x2d /home/stanelie/.pebble-sdk/SDKs/4.9.169/toolchain/arm-none-eabi/bin/../lib/gcc/arm-none-eabi/14.2.1/../../../../arm-none-eabi/lib/thumb/v7-m/nofp/libc.a(libc_a-writer.o)
 .ARM.attributes
                0x0000055f       0x2d /home/stanelie/.pebble-sdk/SDKs/4.9.169/toolchain/arm-none-eabi/bin/../lib/gcc/arm-none-eabi/14.2.1/../../../../arm-none-eabi/lib/thumb/v7-m/nofp/libc.a(libc_a-init.o)
 .ARM.attributes
                0x0000058c       0x2d /home/stanelie/.pebble-sdk/SDKs/4.9.169/toolchain/arm-none-eabi/bin/../lib/gcc/arm-none-eabi/14.2.1/../../../../arm-none-eabi/lib/thumb/v7-m/nofp/libc.a(libc_a-fini.o)
 .ARM.attributes
                0x000005b9       0x2d /home/stanelie/.pebble-sdk/SDKs/4.9.169/toolchain/arm-none-eabi/bin/../lib/gcc/arm-none-eabi/14.2.1/../../../../arm-none-eabi/lib/thumb/v7-m/nofp/libc.a(libc_a-lock.o)
 .ARM.attributes
                0x000005e6       0x2d /home/stanelie/.pebble-sdk/SDKs/4.9.169/toolchain/arm-none-eabi/bin/../lib/gcc/arm-none-eabi/14.2.1/../../../../arm-none-eabi/lib/thumb/v7-m/nofp/libc.a(libc_a-__atexit.o)
 .ARM.attributes
                0x00000613       0x2d /home/stanelie/.pebble-sdk/SDKs/4.9.169/toolchain/arm-none-eabi/bin/../lib/gcc/arm-none-eabi/14.2.1/../../../../arm-none-eabi/lib/thumb/v7-m/nofp/libc.a(libc_a-__call_atexit.o)
 .ARM.attributes
                0x00000640       0x2d /home/stanelie/.pebble-sdk/SDKs/4.9.169/toolchain/arm-none-eabi/bin/../lib/gcc/arm-none-eabi/14.2.1/../../../../arm-none-eabi/lib/thumb/v7-m/nofp/libc.a(libc_a-freer.o)
 .ARM.attributes
                0x0000066d       0x2d /home/stanelie/.pebble-sdk/SDKs/4.9.169/toolchain/arm-none-eabi/bin/../lib/gcc/arm-none-eabi/14.2.1/../../../../arm-none-eabi/lib/thumb/v7-m/nofp/libc.a(libc_a-mallocr.o)
 .ARM.attributes
                0x0000069a       0x2d /home/stanelie/.pebble-sdk/SDKs/4.9.169/toolchain/arm-none-eabi/bin/../lib/gcc/arm-none-eabi/14.2.1/../../../../arm-none-eabi/lib/thumb/v7-m/nofp/libc.a(libc_a-mlock.o)
 .ARM.attributes
                0x000006c7       0x2d /home/stanelie/.pebble-sdk/SDKs/4.9.169/toolchain/arm-none-eabi/bin/../lib/gcc/arm-none-eabi/14.2.1/../../../../arm-none-eabi/lib/thumb/v7-m/nofp/libc.a(libc_a-fclose.o)
 .ARM.attributes
                0x000006f4       0x2d /home/stanelie/.pebble-sdk/SDKs/4.9.169/toolchain/arm-none-eabi/bin/../lib/gcc/arm-none-eabi/14.2.1/../../../../arm-none-eabi/lib/thumb/v7-m/nofp/libc.a(libc_a-fflush.o)
 .ARM.attributes
                0x00000721       0x2d /home/stanelie/.pebble-sdk/SDKs/4.9.169/toolchain/arm-none-eabi/bin/../lib/gcc/arm-none-eabi/14.2.1/../../../../arm-none-eabi/lib/thumb/v7-m/nofp/libc.a(libc_a-sbrkr.o)
 .ARM.attributes
                0x0000074e       0x2d /home/stanelie/.pebble-sdk/SDKs/4.9.169/toolchain/arm-none-eabi/bin/../lib/gcc/arm-none-eabi/14.2.1/../../../../arm-none-eabi/lib/thumb/v7-m/nofp/libc.a(libc_a-sysconf.o)
 .ARM.attributes
                0x0000077b       0x2d /home/stanelie/.pebble-sdk/SDKs/4.9.169/toolchain/arm-none-eabi/bin/../lib/gcc/arm-none-eabi/14.2.1/../../../../arm-none-eabi/lib/thumb/v7-m/nofp/libc.a(libc_a-errno.o)
 .ARM.attributes
                0x000007a8       0x2d /home/stanelie/.pebble-sdk/SDKs/4.9.169/toolchain/arm-none-eabi/bin/../lib/gcc/arm-none-eabi/14.2.1/thumb/v7-m/nofp/crtend.o
 .ARM.attributes
                0x000007d5       0x1d /home/stanelie/.pebble-sdk/SDKs/4.9.169/toolchain/arm-none-eabi/bin/../lib/gcc/arm-none-eabi/14.2.1/thumb/v7-m/nofp/crtn.o

.comment        0x00000000       0x39
 .comment       0x00000000       0x39 /home/stanelie/.pebble-sdk/SDKs/4.9.169/toolchain/arm-none-eabi/bin/../lib/gcc/arm-none-eabi/14.2.1/thumb/v7-m/nofp/crtbegin.o
                                 0x3a (size before relaxing)
 .comment       0x00000039       0x3a src/PDUtils.c.25.o
 .comment       0x00000039       0x3a src/appMessage.c.25.o
 .comment       0x00000039       0x3a src/battery.c.25.o
 .comment       0x00000039       0x3a src/bluetooth.c.25.o
 .comment       0x00000039       0x3a src/functions.c.25.o
 .comment       0x00000039       0x3a src/health.c.25.o
 .comment       0x00000039       0x3a src/language.c.25.o
 .comment       0x00000039       0x3a src/main.c.25.o
 .comment       0x00000039       0x3a aplite/appinfo.auto.c.25.o
 .comment       0x00000039       0x3a aplite/src/resource_ids.auto.c.25.o
 .comment       0x00000039       0x3a src/message_keys.auto.c.25.o
 .comment       0x00000039       0x3a /home/stanelie/.pebble-sdk/SDKs/4.9.169/toolchain/arm-none-eabi/bin/../lib/gcc/arm-none-eabi/14.2.1/../../../../arm-none-eabi/lib/thumb/v7-m/nofp/libc.a(libc_a-atexit.o)
 .comment       0x00000039       0x3a /home/stanelie/.pebble-sdk/SDKs/4.9.169/toolchain/arm-none-eabi/bin/../lib/gcc/arm-none-eabi/14.2.1/../../../../arm-none-eabi/lib/thumb/v7-m/nofp/libc.a(libc_a-exit.o)
 .comment       0x00000039       0x3a /home/stanelie/.pebble-sdk/SDKs/4.9.169/toolchain/arm-none-eabi/bin/../lib/gcc/arm-none-eabi/14.2.1/../../../../arm-none-eabi/lib/thumb/v7-m/nofp/libc.a(libc_a-ctype_.o)
 .comment       0x00000039       0x3a /home/stanelie/.pebble-sdk/SDKs/4.9.169/toolchain/arm-none-eabi/bin/../lib/gcc/arm-none-eabi/14.2.1/../../../../arm-none-eabi/lib/thumb/v7-m/nofp/libc.a(libc_a-findfp.o)
 .comment       0x00000039       0x3a /home/stanelie/.pebble-sdk/SDKs/4.9.169/toolchain/arm-none-eabi/bin/../lib/gcc/arm-none-eabi/14.2.1/../../../../arm-none-eabi/lib/thumb/v7-m/nofp/libc.a(libc_a-fwalk.o)
 .comment       0x00000039       0x3a /home/stanelie/.pebble-sdk/SDKs/4.9.169/toolchain/arm-none-eabi/bin/../lib/gcc/arm-none-eabi/14.2.1/../../../../arm-none-eabi/lib/thumb/v7-m/nofp/libc.a(libc_a-stdio.o)
 .comment       0x00000039       0x3a /home/stanelie/.pebble-sdk/SDKs/4.9.169/toolchain/arm-none-eabi/bin/../lib/gcc/arm-none-eabi/14.2.1/../../../../arm-none-eabi/lib/thumb/v7-m/nofp/libc.a(libc_a-strcspn.o)
 .comment       0x00000039       0x3a /home/stanelie/.pebble-sdk/SDKs/4.9.169/toolchain/arm-none-eabi/bin/../lib/gcc/arm-none-eabi/14.2.1/../../../../arm-none-eabi/lib/thumb/v7-m/nofp/libc.a(libc_a-strspn.o)
 .comment       0x00000039       0x3a /home/stanelie/.pebble-sdk/SDKs/4.9.169/toolchain/arm-none-eabi/bin/../lib/gcc/arm-none-eabi/14.2.1/../../../../arm-none-eabi/lib/thumb/v7-m/nofp/libc.a(libc_a-closer.o)
 .comment       0x00000039       0x3a /home/stanelie/.pebble-sdk/SDKs/4.9.169/toolchain/arm-none-eabi/bin/../lib/gcc/arm-none-eabi/14.2.1/../../../../arm-none-eabi/lib/thumb/v7-m/nofp/libc.a(libc_a-reent.o)
 .comment       0x00000039       0x3a /home/stanelie/.pebble-sdk/SDKs/4.9.169/toolchain/arm-none-eabi/bin/../lib/gcc/arm-none-eabi/14.2.1/../../../../arm-none-eabi/lib/thumb/v7-m/nofp/libc.a(libc_a-impure.o)
 .comment       0x00000039       0x3a /home/stanelie/.pebble-sdk/SDKs/4.9.169/toolchain/arm-none-eabi/bin/../lib/gcc/arm-none-eabi/14.2.1/../../../../arm-none-eabi/lib/thumb/v7-m/nofp/libc.a(libc_a-lseekr.o)
 .comment       0x00000039       0x3a /home/stanelie/.pebble-sdk/SDKs/4.9.169/toolchain/arm-none-eabi/bin/../lib/gcc/arm-none-eabi/14.2.1/../../../../arm-none-eabi/lib/thumb/v7-m/nofp/libc.a(libc_a-readr.o)
 .comment       0x00000039       0x3a /home/stanelie/.pebble-sdk/SDKs/4.9.169/toolchain/arm-none-eabi/bin/../lib/gcc/arm-none-eabi/14.2.1/../../../../arm-none-eabi/lib/thumb/v7-m/nofp/libc.a(libc_a-writer.o)
 .comment       0x00000039       0x3a /home/stanelie/.pebble-sdk/SDKs/4.9.169/toolchain/arm-none-eabi/bin/../lib/gcc/arm-none-eabi/14.2.1/../../../../arm-none-eabi/lib/thumb/v7-m/nofp/libc.a(libc_a-init.o)
 .comment       0x00000039       0x3a /home/stanelie/.pebble-sdk/SDKs/4.9.169/toolchain/arm-none-eabi/bin/../lib/gcc/arm-none-eabi/14.2.1/../../../../arm-none-eabi/lib/thumb/v7-m/nofp/libc.a(libc_a-fini.o)
 .comment       0x00000039       0x3a /home/stanelie/.pebble-sdk/SDKs/4.9.169/toolchain/arm-none-eabi/bin/../lib/gcc/arm-none-eabi/14.2.1/../../../../arm-none-eabi/lib/thumb/v7-m/nofp/libc.a(libc_a-lock.o)
 .comment       0x00000039       0x3a /home/stanelie/.pebble-sdk/SDKs/4.9.169/toolchain/arm-none-eabi/bin/../lib/gcc/arm-none-eabi/14.2.1/../../../../arm-none-eabi/lib/thumb/v7-m/nofp/libc.a(libc_a-__atexit.o)
 .comment       0x00000039       0x3a /home/stanelie/.pebble-sdk/SDKs/4.9.169/toolchain/arm-none-eabi/bin/../lib/gcc/arm-none-eabi/14.2.1/../../../../arm-none-eabi/lib/thumb/v7-m/nofp/libc.a(libc_a-__call_atexit.o)
 .comment       0x00000039       0x3a /home/stanelie/.pebble-sdk/SDKs/4.9.169/toolchain/arm-none-eabi/bin/../lib/gcc/arm-none-eabi/14.2.1/../../../../arm-none-eabi/lib/thumb/v7-m/nofp/libc.a(libc_a-freer.o)
 .comment       0x00000039       0x3a /home/stanelie/.pebble-sdk/SDKs/4.9.169/toolchain/arm-none-eabi/bin/../lib/gcc/arm-none-eabi/14.2.1/../../../../arm-none-eabi/lib/thumb/v7-m/nofp/libc.a(libc_a-mallocr.o)
 .comment       0x00000039       0x3a /home/stanelie/.pebble-sdk/SDKs/4.9.169/toolchain/arm-none-eabi/bin/../lib/gcc/arm-none-eabi/14.2.1/../../../../arm-none-eabi/lib/thumb/v7-m/nofp/libc.a(libc_a-mlock.o)
 .comment       0x00000039       0x3a /home/stanelie/.pebble-sdk/SDKs/4.9.169/toolchain/arm-none-eabi/bin/../lib/gcc/arm-none-eabi/14.2.1/../../../../arm-none-eabi/lib/thumb/v7-m/nofp/libc.a(libc_a-fclose.o)
 .comment       0x00000039       0x3a /home/stanelie/.pebble-sdk/SDKs/4.9.169/toolchain/arm-none-eabi/bin/../lib/gcc/arm-none-eabi/14.2.1/../../../../arm-none-eabi/lib/thumb/v7-m/nofp/libc.a(libc_a-fflush.o)
 .comment       0x00000039       0x3a /home/stanelie/.pebble-sdk/SDKs/4.9.169/toolchain/arm-none-eabi/bin/../lib/gcc/arm-none-eabi/14.2.1/../../../../arm-none-eabi/lib/thumb/v7-m/nofp/libc.a(libc_a-sbrkr.o)
 .comment       0x00000039       0x3a /home/stanelie/.pebble-sdk/SDKs/4.9.169/toolchain/arm-none-eabi/bin/../lib/gcc/arm-none-eabi/14.2.1/../../../../arm-none-eabi/lib/thumb/v7-m/nofp/libc.a(libc_a-sysconf.o)
 .comment       0x00000039       0x3a /home/stanelie/.pebble-sdk/SDKs/4.9.169/toolchain/arm-none-eabi/bin/../lib/gcc/arm-none-eabi/14.2.1/../../../../arm-none-eabi/lib/thumb/v7-m/nofp/libc.a(libc_a-errno.o)
 .comment       0x00000039       0x3a /home/stanelie/.pebble-sdk/SDKs/4.9.169/toolchain/arm-none-eabi/bin/../lib/gcc/arm-none-eabi/14.2.1/thumb/v7-m/nofp/crtend.o

.debug_info     0x00000000     0x7a33
 .debug_info    0x00000000      0x520 src/PDUtils.c.25.o
 .debug_info    0x00000520      0xf1e src/appMessage.c.25.o
 .debug_info    0x0000143e      0x862 src/battery.c.25.o
 .debug_info    0x00001ca0      0x6c2 src/bluetooth.c.25.o
 .debug_info    0x00002362      0x73c src/functions.c.25.o
 .debug_info    0x00002a9e      0x455 src/health.c.25.o
 .debug_info    0x00002ef3      0x2e2 src/language.c.25.o
 .debug_info    0x000031d5     0x3ee6 src/main.c.25.o
 .debug_info    0x000070bb      0x33e aplite/appinfo.auto.c.25.o
 .debug_info    0x000073f9      0x3ad aplite/src/resource_ids.auto.c.25.o
 .debug_info    0x000077a6      0x28d src/message_keys.auto.c.25.o

.debug_abbrev   0x00000000     0x1301
 .debug_abbrev  0x00000000      0x21d src/PDUtils.c.25.o
 .debug_abbrev  0x0000021d      0x2ce src/appMessage.c.25.o
 .debug_abbrev  0x000004eb      0x267 src/battery.c.25.o
 .debug_abbrev  0x00000752      0x1ac src/bluetooth.c.25.o
 .debug_abbrev  0x000008fe      0x20e src/functions.c.25.o
 .debug_abbrev  0x00000b0c       0x6c src/health.c.25.o
 .debug_abbrev  0x00000b78      0x135 src/language.c.25.o
 .debug_abbrev  0x00000cad      0x507 src/main.c.25.o
 .debug_abbrev  0x000011b4       0xb9 aplite/appinfo.auto.c.25.o
 .debug_abbrev  0x0000126d       0x4a aplite/src/resource_ids.auto.c.25.o
 .debug_abbrev  0x000012b7       0x4a src/message_keys.auto.c.25.o

.debug_loclists
                0x00000000     0x1537
 .debug_loclists
                0x00000000      0x3c1 src/PDUtils.c.25.o
 .debug_loclists
                0x000003c1      0x632 src/appMessage.c.25.o
 .debug_loclists
                0x000009f3       0x95 src/battery.c.25.o
 .debug_loclists
                0x00000a88       0x30 src/bluetooth.c.25.o
 .debug_loclists
                0x00000ab8      0x4d7 src/functions.c.25.o
 .debug_loclists
                0x00000f8f      0x173 src/language.c.25.o
 .debug_loclists
                0x00001102      0x435 src/main.c.25.o

.debug_aranges  0x00000000      0x288
 .debug_aranges
                0x00000000       0x38 src/PDUtils.c.25.o
 .debug_aranges
                0x00000038       0x38 src/appMessage.c.25.o
 .debug_aranges
                0x00000070       0x28 src/battery.c.25.o
 .debug_aranges
                0x00000098       0x28 src/bluetooth.c.25.o
 .debug_aranges
                0x000000c0       0x50 src/functions.c.25.o
 .debug_aranges
                0x00000110       0x18 src/health.c.25.o
 .debug_aranges
                0x00000128       0x28 src/language.c.25.o
 .debug_aranges
                0x00000150       0xf0 src/main.c.25.o
 .debug_aranges
                0x00000240       0x18 aplite/appinfo.auto.c.25.o
 .debug_aranges
                0x00000258       0x18 aplite/src/resource_ids.auto.c.25.o
 .debug_aranges
                0x00000270       0x18 src/message_keys.auto.c.25.o

.debug_rnglists
                0x00000000      0x21f
 .debug_rnglists
                0x00000000       0x6b src/PDUtils.c.25.o
 .debug_rnglists
                0x0000006b       0x29 src/appMessage.c.25.o
 .debug_rnglists
                0x00000094       0x25 src/battery.c.25.o
 .debug_rnglists
                0x000000b9       0x25 src/bluetooth.c.25.o
 .debug_rnglists
                0x000000de       0x3a src/functions.c.25.o
 .debug_rnglists
                0x00000118       0x19 src/language.c.25.o
 .debug_rnglists
                0x00000131       0xee src/main.c.25.o

.debug_line     0x00000000     0x3c31
 .debug_line    0x00000000      0x4c7 src/PDUtils.c.25.o
 .debug_line    0x000004c7      0x6ba src/appMessage.c.25.o
 .debug_line    0x00000b81      0x2c2 src/battery.c.25.o
 .debug_line    0x00000e43      0x30d src/bluetooth.c.25.o
 .debug_line    0x00001150      0x56d src/functions.c.25.o
 .debug_line    0x000016bd       0x9f src/health.c.25.o
 .debug_line    0x0000175c      0x1c7 src/language.c.25.o
 .debug_line    0x00001923     0x1f7c src/main.c.25.o
 .debug_line    0x0000389f      0x169 aplite/appinfo.auto.c.25.o
 .debug_line    0x00003a08      0x118 aplite/src/resource_ids.auto.c.25.o
 .debug_line    0x00003b20      0x111 src/message_keys.auto.c.25.o

.debug_str      0x00000000     0x27d8
 .debug_str     0x00000000     0x27d8 src/PDUtils.c.25.o
                                0x268 (size before relaxing)
 .debug_str     0x000027d8      0xa7a src/appMessage.c.25.o
 .debug_str     0x000027d8      0x63c src/battery.c.25.o
 .debug_str     0x000027d8      0x70e src/bluetooth.c.25.o
 .debug_str     0x000027d8      0x411 src/functions.c.25.o
 .debug_str     0x000027d8      0x422 src/health.c.25.o
 .debug_str     0x000027d8      0x23d src/language.c.25.o
 .debug_str     0x000027d8     0x16fc src/main.c.25.o
 .debug_str     0x000027d8      0x4d0 aplite/appinfo.auto.c.25.o
 .debug_str     0x000027d8      0x6e0 aplite/src/resource_ids.auto.c.25.o
 .debug_str     0x000027d8      0x3f0 src/message_keys.auto.c.25.o

.debug_frame    0x00000000      0x748
 .debug_frame   0x00000000       0x88 src/PDUtils.c.25.o
 .debug_frame   0x00000088       0xb0 src/appMessage.c.25.o
 .debug_frame   0x00000138       0x60 src/battery.c.25.o
 .debug_frame   0x00000198       0x60 src/bluetooth.c.25.o
 .debug_frame   0x000001f8       0xd8 src/functions.c.25.o
 .debug_frame   0x000002d0       0x4c src/language.c.25.o
 .debug_frame   0x0000031c      0x42c src/main.c.25.o
