Archive member included to satisfy reference by file (symbol)

/home/stanelie/.pebble-sdk/SDKs/current/sdk-core/pebble/aplite/lib/libpebble.a(tmp7jpKUopebble.o)
                              src/main.c.25.o (accel_tap_service_subscribe)
/home/stanelie/.pebble-sdk/SDKs/4.9.169/toolchain/arm-none-eabi/bin/../lib/gcc/arm-none-eabi/14.2.1/thumb/v7-m/nofp/libgcc.a(_arm_muldf3.o)
                              src/functions.c.25.o (__aeabi_dmul)
/home/stanelie/.pebble-sdk/SDKs/4.9.169/toolchain/arm-none-eabi/bin/../lib/gcc/arm-none-eabi/14.2.1/thumb/v7-m/nofp/libgcc.a(_arm_addsubdf3.o)
                              src/functions.c.25.o (__aeabi_dsub)
/home/stanelie/.pebble-sdk/SDKs/4.9.169/toolchain/arm-none-eabi/bin/../lib/gcc/arm-none-eabi/14.2.1/thumb/v7-m/nofp/libgcc.a(_arm_muldivdf3.o)
                              src/functions.c.25.o (__aeabi_ddiv)
/home/stanelie/.pebble-sdk/SDKs/4.9.169/toolchain/arm-none-eabi/bin/../lib/gcc/arm-none-eabi/14.2.1/thumb/v7-m/nofp/libgcc.a(_arm_fixdfsi.o)
                              src/functions.c.25.o (__aeabi_d2iz)
/home/stanelie/.pebble-sdk/SDKs/4.9.169/toolchain/arm-none-eabi/bin/../lib/gcc/arm-none-eabi/14.2.1/../../../../arm-none-eabi/lib/thumb/v7-m/nofp/libc.a(libc_a-atexit.o)
                              /home/stanelie/.pebble-sdk/SDKs/4.9.169/toolchain/arm-none-eabi/bin/../lib/gcc/arm-none-eabi/14.2.1/../../../../arm-none-eabi/lib/thumb/v7-m/nofp/crt0.o (atexit)
/home/stanelie/.pebble-sdk/SDKs/4.9.169/toolchain/arm-none-eabi/bin/../lib/gcc/arm-none-eabi/14.2.1/../../../../arm-none-eabi/lib/thumb/v7-m/nofp/libc.a(libc_a-exit.o)
                              /home/stanelie/.pebble-sdk/SDKs/4.9.169/toolchain/arm-none-eabi/bin/../lib/gcc/arm-none-eabi/14.2.1/../../../../arm-none-eabi/lib/thumb/v7-m/nofp/crt0.o (exit)
/home/stanelie/.pebble-sdk/SDKs/4.9.169/toolchain/arm-none-eabi/bin/../lib/gcc/arm-none-eabi/14.2.1/../../../../arm-none-eabi/lib/thumb/v7-m/nofp/libc.a(libc_a-ctype_.o)
                              src/PDUtils.c.25.o (_ctype_)
/home/stanelie/.pebble-sdk/SDKs/4.9.169/toolchain/arm-none-eabi/bin/../lib/gcc/arm-none-eabi/14.2.1/../../../../arm-none-eabi/lib/thumb/v7-m/nofp/libc.a(libc_a-findfp.o)
                              /home/stanelie/.pebble-sdk/SDKs/4.9.169/toolchain/arm-none-eabi/bin/../lib/gcc/arm-none-eabi/14.2.1/../../../../arm-none-eabi/lib/thumb/v7-m/nofp/libc.a(libc_a-exit.o) (__stdio_exit_handler)
/home/stanelie/.pebble-sdk/SDKs/4.9.169/toolchain/arm-none-eabi/bin/../lib/gcc/arm-none-eabi/14.2.1/../../../../arm-none-eabi/lib/thumb/v7-m/nofp/libc.a(libc_a-fwalk.o)
                              /home/stanelie/.pebble-sdk/SDKs/4.9.169/toolchain/arm-none-eabi/bin/../lib/gcc/arm-none-eabi/14.2.1/../../../../arm-none-eabi/lib/thumb/v7-m/nofp/libc.a(libc_a-findfp.o) (_fwalk_sglue)
/home/stanelie/.pebble-sdk/SDKs/4.9.169/toolchain/arm-none-eabi/bin/../lib/gcc/arm-none-eabi/14.2.1/../../../../arm-none-eabi/lib/thumb/v7-m/nofp/libc.a(libc_a-stdio.o)
                              /home/stanelie/.pebble-sdk/SDKs/4.9.169/toolchain/arm-none-eabi/bin/../lib/gcc/arm-none-eabi/14.2.1/../../../../arm-none-eabi/lib/thumb/v7-m/nofp/libc.a(libc_a-findfp.o) (__sread)
/home/stanelie/.pebble-sdk/SDKs/4.9.169/toolchain/arm-none-eabi/bin/../lib/gcc/arm-none-eabi/14.2.1/../../../../arm-none-eabi/lib/thumb/v7-m/nofp/libc.a(libc_a-strcspn.o)
                              src/PDUtils.c.25.o (strcspn)
/home/stanelie/.pebble-sdk/SDKs/4.9.169/toolchain/arm-none-eabi/bin/../lib/gcc/arm-none-eabi/14.2.1/../../../../arm-none-eabi/lib/thumb/v7-m/nofp/libc.a(libc_a-strspn.o)
                              src/PDUtils.c.25.o (strspn)
/home/stanelie/.pebble-sdk/SDKs/4.9.169/toolchain/arm-none-eabi/bin/../lib/gcc/arm-none-eabi/14.2.1/../../../../arm-none-eabi/lib/thumb/v7-m/nofp/libc.a(libc_a-closer.o)
                              /home/stanelie/.pebble-sdk/SDKs/4.9.169/toolchain/arm-none-eabi/bin/../lib/gcc/arm-none-eabi/14.2.1/../../../../arm-none-eabi/lib/thumb/v7-m/nofp/libc.a(libc_a-stdio.o) (_close_r)
/home/stanelie/.pebble-sdk/SDKs/4.9.169/toolchain/arm-none-eabi/bin/../lib/gcc/arm-none-eabi/14.2.1/../../../../arm-none-eabi/lib/thumb/v7-m/nofp/libc.a(libc_a-reent.o)
                              /home/stanelie/.pebble-sdk/SDKs/4.9.169/toolchain/arm-none-eabi/bin/../lib/gcc/arm-none-eabi/14.2.1/../../../../arm-none-eabi/lib/thumb/v7-m/nofp/libc.a(libc_a-closer.o) (errno)
/home/stanelie/.pebble-sdk/SDKs/4.9.169/toolchain/arm-none-eabi/bin/../lib/gcc/arm-none-eabi/14.2.1/../../../../arm-none-eabi/lib/thumb/v7-m/nofp/libc.a(libc_a-impure.o)
                              /home/stanelie/.pebble-sdk/SDKs/4.9.169/toolchain/arm-none-eabi/bin/../lib/gcc/arm-none-eabi/14.2.1/../../../../arm-none-eabi/lib/thumb/v7-m/nofp/libc.a(libc_a-reent.o) (_impure_ptr)
/home/stanelie/.pebble-sdk/SDKs/4.9.169/toolchain/arm-none-eabi/bin/../lib/gcc/arm-none-eabi/14.2.1/../../../../arm-none-eabi/lib/thumb/v7-m/nofp/libc.a(libc_a-lseekr.o)
[...]
Memory Configuration

Name             Origin             Length             Attributes
APP              0x00000000         0x00006000         xrw
*default*        0x00000000         0xffffffff

Linker script and memory map

LOAD /home/stanelie/.pebble-sdk/SDKs/4.9.169/toolchain/arm-none-eabi/bin/../lib/gcc/arm-none-eabi/14.2.1/thumb/v7-m/nofp/crti.o
LOAD /home/stanelie/.pebble-sdk/SDKs/4.9.169/toolchain/arm-none-eabi/bin/../lib/gcc/arm-none-eabi/14.2.1/thumb/v7-m/nofp/crtbegin.o
LOAD /home/stanelie/.pebble-sdk/SDKs/4.9.169/toolchain/arm-none-eabi/bin/../lib/gcc/arm-none-eabi/14.2.1/../../../../arm-none-eabi/lib/thumb/v7-m/nofp/crt0.o
LOAD src/PDUtils.c.25.o
LOAD src/appMessage.c.25.o
LOAD src/battery.c.25.o
LOAD src/bluetooth.c.25.o
LOAD src/functions.c.25.o
LOAD src/health.c.25.o
LOAD src/language.c.25.o
LOAD src/main.c.25.o
LOAD aplite/appinfo.auto.c.25.o
LOAD aplite/src/resource_ids.auto.c.25.o
LOAD src/message_keys.auto.c.25.o
LOAD /home/stanelie/.pebble-sdk/SDKs/current/sdk-core/pebble/aplite/lib/libpebble.a
START GROUP
LOAD /home/stanelie/.pebble-sdk/SDKs/4.9.169/toolchain/arm-none-eabi/bin/../lib/gcc/arm-none-eabi/14.2.1/thumb/v7-m/nofp/libgcc.a
LOAD /home/stanelie/.pebble-sdk/SDKs/4.9.169/toolchain/arm-none-eabi/bin/../lib/gcc/arm-none-eabi/14.2.1/../../../../arm-none-eabi/lib/thumb/v7-m/nofp/libc.a
END GROUP
LOAD /home/stanelie/.pebble-sdk/SDKs/4.9.169/toolchain/arm-none-eabi/bin/../lib/gcc/arm-none-eabi/14.2.1/thumb/v7-m/nofp/crtend.o
LOAD /home/stanelie/.pebble-sdk/SDKs/4.9.169/toolchain/arm-none-eabi/bin/../lib/gcc/arm-none-eabi/14.2.1/thumb/v7-m/nofp/crtn.o

.header         0x00000000       0x82
 *(.pbl_header)
 .pbl_header    0x00000000       0x82 aplite/appinfo.auto.c.25.o
                0x00000000                __pbl_app_info

.note.gnu.build-id
                0x00000082       0x26
                [!provide]                        PROVIDE (BUILD_ID = .)
 *(.note.gnu.build-id)
 *fill*         0x00000082        0x2 
 .note.gnu.build-id
                0x00000084       0x24 linker stubs

.text           0x000000a8     0x3da4
 *(.text)
 .text          0x000000a8       0x14 /home/stanelie/.pebble-sdk/SDKs/current/sdk-core/pebble/aplite/lib/libpebble.a(tmp7jpKUopebble.o)
 *(.text.*)
 .text.p_mktime
                0x000000bc       0xa2 src/PDUtils.c.25.o
                0x000000bc                p_mktime
 *fill*         0x0000015e        0x2 
 .text.sync_tuple_changed_callback
                0x00000160      0x2f0 src/appMessage.c.25.o
 .text.loadInitialTuples
                0x00000450      0x124 src/appMessage.c.25.o
                0x00000450                loadInitialTuples
 .text.SetupMessages
                0x00000574      0x28c src/appMessage.c.25.o
                0x00000574                SetupMessages
 .text.battery_update_proc
                0x00000800       0xa8 src/battery.c.25.o
                0x00000800                battery_update_proc
 .text.handle_battery
                0x000008a8       0x7c src/battery.c.25.o
                0x000008a8                handle_battery
 .text.vibes    0x00000924       0x64 src/bluetooth.c.25.o
 .text.handle_bluetooth
                0x00000988       0x58 src/bluetooth.c.25.o
                0x00000988                handle_bluetooth
 .text.ExtendBackLight
                0x000009e0       0x2c src/functions.c.25.o
                0x000009e0                ExtendBackLight
 .text.hourlyVibe
                0x00000a0c        0x8 src/functions.c.25.o
                0x00000a0c                hourlyVibe
 .text.DoNotDisturb
                0x00000a14       0x32 src/functions.c.25.o
                0x00000a14                DoNotDisturb
 *fill*         0x00000a46        0x2 
 .text.formatSunset
                0x00000a48       0x9c src/functions.c.25.o
                0x00000a48                formatSunset
 .text.formatSunrise
                0x00000ae4       0x98 src/functions.c.25.o
                0x00000ae4                formatSunrise
 .text.translateDay
                0x00000b7c       0x50 src/language.c.25.o
                0x00000b7c                translateDay
 .text.translateMonth
                0x00000bcc       0x40 src/language.c.25.o
                0x00000bcc                translateMonth
 .text.weatherTimer_callback
                0x00000c0c       0x78 src/main.c.25.o
 .text.handle_deinit
                0x00000c84       0x20 src/main.c.25.o
                0x00000c84                handle_deinit
 .text.loadFontResources
                0x00000ca4      0x108 src/main.c.25.o
                0x00000ca4                loadFontResources
 .text.LoadDigital
                0x00000dac      0x2b0 src/main.c.25.o
                0x00000dac                LoadDigital
 .text.getDate  0x0000105c      0x3a8 src/main.c.25.o
                0x0000105c                getDate
 .text.loadPersistentData
                0x00001404      0x388 src/main.c.25.o
                0x00001404                loadPersistentData
 .text.getTime  0x0000178c       0x78 src/main.c.25.o
                0x0000178c                getTime
 .text.handle_tick
                0x00001804       0x88 src/main.c.25.o
                0x00001804                handle_tick
 .text.SubscribeTickEvent
                0x0000188c       0x64 src/main.c.25.o
                0x0000188c                SubscribeTickEvent
 .text.refreshLayers
                0x000018f0      0x294 src/main.c.25.o
                0x000018f0                refreshLayers
 .text.LoadTemperature
                0x00001b84      0x1e4 src/main.c.25.o
                0x00001b84                LoadTemperature
 .text.handle_init
                0x00001d68       0xf4 src/main.c.25.o
                0x00001d68                handle_init
 .text.startup.main
                0x00001e5c       0x12 src/main.c.25.o
                0x00001e5c                main
 *fill*         0x00001e6e        0x2 
 .text.UnloadTemperature
                0x00001e70       0x5c src/main.c.25.o
                0x00001e70                UnloadTemperature
 .text.loadForecastIcons
                0x00001ecc       0x6c src/main.c.25.o
                0x00001ecc                loadForecastIcons
 .text.unloadForecastIcons
                0x00001f38       0x64 src/main.c.25.o
                0x00001f38                unloadForecastIcons
 .text.LoadForecast
                0x00001f9c      0x59c src/main.c.25.o
                0x00001f9c                LoadForecast
 .text.accel_tap_handler
                0x00002538       0x6c src/main.c.25.o
                0x00002538                accel_tap_handler
 .text.UnloadForecast
                0x000025a4       0xe4 src/main.c.25.o
                0x000025a4                UnloadForecast
 .text.load3DaysIcons
                0x00002688       0x7c src/main.c.25.o
                0x00002688                load3DaysIcons
 .text.unload3DaysIcons
                0x00002704       0x30 src/main.c.25.o
                0x00002704                unload3DaysIcons
 .text.Load3Days
                0x00002734      0x5c4 src/main.c.25.o
                0x00002734                Load3Days
 .text.forecast_callback
                0x00002cf8       0x44 src/main.c.25.o
 .text.Unload3Days
                0x00002d3c       0xd0 src/main.c.25.o
                0x00002d3c                Unload3Days
 .text.forecast3Days_callback
                0x00002e0c       0x34 src/main.c.25.o
 .text.accel_tap_service_subscribe
                0x00002e40        0xc /home/stanelie/.pebble-sdk/SDKs/current/sdk-core/pebble/aplite/lib/libpebble.a(tmp7jpKUopebble.o)
                0x00002e40                accel_tap_service_subscribe
 .text.app_event_loop
                0x00002e4c        0xc /home/stanelie/.pebble-sdk/SDKs/current/sdk-core/pebble/aplite/lib/libpebble.a(tmp7jpKUopebble.o)
                0x00002e4c                app_event_loop
 .text.app_message_open
                0x00002e58        0xc /home/stanelie/.pebble-sdk/SDKs/current/sdk-core/pebble/aplite/lib/libpebble.a(tmp7jpKUopebble.o)
                0x00002e58                app_message_open
 .text.app_sync_init
                0x00002e64        0xc /home/stanelie/.pebble-sdk/SDKs/current/sdk-core/pebble/aplite/lib/libpebble.a(tmp7jpKUopebble.o)
                0x00002e64                app_sync_init
 .text.app_timer_cancel
                0x00002e70        0xc /home/stanelie/.pebble-sdk/SDKs/current/sdk-core/pebble/aplite/lib/libpebble.a(tmp7jpKUopebble.o)
                0x00002e70                app_timer_cancel
 .text.app_timer_register
                0x00002e7c        0xc /home/stanelie/.pebble-sdk/SDKs/current/sdk-core/pebble/aplite/lib/libpebble.a(tmp7jpKUopebble.o)
                0x00002e7c                app_timer_register
 .text.battery_state_service_peek
                0x00002e88        0xc /home/stanelie/.pebble-sdk/SDKs/current/sdk-core/pebble/aplite/lib/libpebble.a(tmp7jpKUopebble.o)
                0x00002e88                battery_state_service_peek
 .text.battery_state_service_subscribe
                0x00002e94        0xc /home/stanelie/.pebble-sdk/SDKs/current/sdk-core/pebble/aplite/lib/libpebble.a(tmp7jpKUopebble.o)
                0x00002e94                battery_state_service_subscribe
 .text.bitmap_layer_create
                0x00002ea0        0xc /home/stanelie/.pebble-sdk/SDKs/current/sdk-core/pebble/aplite/lib/libpebble.a(tmp7jpKUopebble.o)
                0x00002ea0                bitmap_layer_create
 .text.bitmap_layer_destroy
                0x00002eac        0xc /home/stanelie/.pebble-sdk/SDKs/current/sdk-core/pebble/aplite/lib/libpebble.a(tmp7jpKUopebble.o)
                0x00002eac                bitmap_layer_destroy
 .text.bitmap_layer_get_layer
                0x00002eb8        0xc /home/stanelie/.pebble-sdk/SDKs/current/sdk-core/pebble/aplite/lib/libpebble.a(tmp7jpKUopebble.o)
                0x00002eb8                bitmap_layer_get_layer
 .text.bitmap_layer_set_bitmap
                0x00002ec4        0xc /home/stanelie/.pebble-sdk/SDKs/current/sdk-core/pebble/aplite/lib/libpebble.a(tmp7jpKUopebble.o)
                0x00002ec4                bitmap_layer_set_bitmap
 .text.bitmap_layer_set_compositing_mode
                0x00002ed0        0xc /home/stanelie/.pebble-sdk/SDKs/current/sdk-core/pebble/aplite/lib/libpebble.a(tmp7jpKUopebble.o)
                0x00002ed0                bitmap_layer_set_compositing_mode
 .text.bluetooth_connection_service_peek
                0x00002edc        0xc /home/stanelie/.pebble-sdk/SDKs/current/sdk-core/pebble/aplite/lib/libpebble.a(tmp7jpKUopebble.o)
                0x00002edc                bluetooth_connection_service_peek
 .text.clock_copy_time_string
                0x00002ee8        0xc /home/stanelie/.pebble-sdk/SDKs/current/sdk-core/pebble/aplite/lib/libpebble.a(tmp7jpKUopebble.o)
                0x00002ee8                clock_copy_time_string
 .text.clock_is_24h_style
                0x00002ef4        0xc /home/stanelie/.pebble-sdk/SDKs/current/sdk-core/pebble/aplite/lib/libpebble.a(tmp7jpKUopebble.o)
                0x00002ef4                clock_is_24h_style
 .text.dict_write_end
                0x00002f00        0xc /home/stanelie/.pebble-sdk/SDKs/current/sdk-core/pebble/aplite/lib/libpebble.a(tmp7jpKUopebble.o)
                0x00002f00                dict_write_end
 .text.dict_write_tuplet
                0x00002f0c        0xc /home/stanelie/.pebble-sdk/SDKs/current/sdk-core/pebble/aplite/lib/libpebble.a(tmp7jpKUopebble.o)
                0x00002f0c                dict_write_tuplet
 .text.fonts_load_custom_font
                0x00002f18        0xc /home/stanelie/.pebble-sdk/SDKs/current/sdk-core/pebble/aplite/lib/libpebble.a(tmp7jpKUopebble.o)
                0x00002f18                fonts_load_custom_font
 .text.gbitmap_create_with_resource
                0x00002f24        0xc /home/stanelie/.pebble-sdk/SDKs/current/sdk-core/pebble/aplite/lib/libpebble.a(tmp7jpKUopebble.o)
                0x00002f24                gbitmap_create_with_resource
 .text.gbitmap_destroy
                0x00002f30        0xc /home/stanelie/.pebble-sdk/SDKs/current/sdk-core/pebble/aplite/lib/libpebble.a(tmp7jpKUopebble.o)
                0x00002f30                gbitmap_destroy
 .text.gmtime   0x00002f3c        0xc /home/stanelie/.pebble-sdk/SDKs/current/sdk-core/pebble/aplite/lib/libpebble.a(tmp7jpKUopebble.o)
                0x00002f3c                gmtime
 .text.layer_add_child
                0x00002f48        0xc /home/stanelie/.pebble-sdk/SDKs/current/sdk-core/pebble/aplite/lib/libpebble.a(tmp7jpKUopebble.o)
                0x00002f48                layer_add_child
 .text.layer_create
                0x00002f54        0xc /home/stanelie/.pebble-sdk/SDKs/current/sdk-core/pebble/aplite/lib/libpebble.a(tmp7jpKUopebble.o)
                0x00002f54                layer_create
 .text.layer_get_bounds
                0x00002f60        0xc /home/stanelie/.pebble-sdk/SDKs/current/sdk-core/pebble/aplite/lib/libpebble.a(tmp7jpKUopebble.o)
                0x00002f60                layer_get_bounds
 .text.layer_mark_dirty
                0x00002f6c        0xc /home/stanelie/.pebble-sdk/SDKs/current/sdk-core/pebble/aplite/lib/libpebble.a(tmp7jpKUopebble.o)
                0x00002f6c                layer_mark_dirty
 .text.layer_set_frame
                0x00002f78        0xc /home/stanelie/.pebble-sdk/SDKs/current/sdk-core/pebble/aplite/lib/libpebble.a(tmp7jpKUopebble.o)
                0x00002f78                layer_set_frame
 .text.layer_set_update_proc
                0x00002f84        0xc /home/stanelie/.pebble-sdk/SDKs/current/sdk-core/pebble/aplite/lib/libpebble.a(tmp7jpKUopebble.o)
                0x00002f84                layer_set_update_proc
 .text.light_enable_interaction
                0x00002f90        0xc /home/stanelie/.pebble-sdk/SDKs/current/sdk-core/pebble/aplite/lib/libpebble.a(tmp7jpKUopebble.o)
                0x00002f90                light_enable_interaction
 .text.memcpy   0x00002f9c        0xc /home/stanelie/.pebble-sdk/SDKs/current/sdk-core/pebble/aplite/lib/libpebble.a(tmp7jpKUopebble.o)
                0x00002f9c                memcpy
 .text.memset   0x00002fa8        0xc /home/stanelie/.pebble-sdk/SDKs/current/sdk-core/pebble/aplite/lib/libpebble.a(tmp7jpKUopebble.o)
                0x00002fa8                memset
 .text.persist_exists
                0x00002fb4        0xc /home/stanelie/.pebble-sdk/SDKs/current/sdk-core/pebble/aplite/lib/libpebble.a(tmp7jpKUopebble.o)
                0x00002fb4                persist_exists
 .text.persist_read_int
                0x00002fc0        0xc /home/stanelie/.pebble-sdk/SDKs/current/sdk-core/pebble/aplite/lib/libpebble.a(tmp7jpKUopebble.o)
                0x00002fc0                persist_read_int
 .text.persist_write_bool
                0x00002fcc        0xc /home/stanelie/.pebble-sdk/SDKs/current/sdk-core/pebble/aplite/lib/libpebble.a(tmp7jpKUopebble.o)
                0x00002fcc                persist_write_bool
 .text.persist_write_int
                0x00002fd8        0xc /home/stanelie/.pebble-sdk/SDKs/current/sdk-core/pebble/aplite/lib/libpebble.a(tmp7jpKUopebble.o)
                0x00002fd8                persist_write_int
 .text.persist_write_string
                0x00002fe4        0xc /home/stanelie/.pebble-sdk/SDKs/current/sdk-core/pebble/aplite/lib/libpebble.a(tmp7jpKUopebble.o)
                0x00002fe4                persist_write_string
 .text.resource_get_handle
                0x00002ff0        0xc /home/stanelie/.pebble-sdk/SDKs/current/sdk-core/pebble/aplite/lib/libpebble.a(tmp7jpKUopebble.o)
                0x00002ff0                resource_get_handle
 .text.snprintf
                0x00002ffc        0xc /home/stanelie/.pebble-sdk/SDKs/current/sdk-core/pebble/aplite/lib/libpebble.a(tmp7jpKUopebble.o)
                0x00002ffc                snprintf
 .text.strcat   0x00003008        0xc /home/stanelie/.pebble-sdk/SDKs/current/sdk-core/pebble/aplite/lib/libpebble.a(tmp7jpKUopebble.o)
                0x00003008                strcat
 .text.strcmp   0x00003014        0xc /home/stanelie/.pebble-sdk/SDKs/current/sdk-core/pebble/aplite/lib/libpebble.a(tmp7jpKUopebble.o)
                0x00003014                strcmp
 .text.strcpy   0x00003020        0xc /home/stanelie/.pebble-sdk/SDKs/current/sdk-core/pebble/aplite/lib/libpebble.a(tmp7jpKUopebble.o)
                0x00003020                strcpy
 .text.strftime
                0x0000302c        0xc /home/stanelie/.pebble-sdk/SDKs/current/sdk-core/pebble/aplite/lib/libpebble.a(tmp7jpKUopebble.o)
                0x0000302c                strftime
 .text.strlen   0x00003038        0xc /home/stanelie/.pebble-sdk/SDKs/current/sdk-core/pebble/aplite/lib/libpebble.a(tmp7jpKUopebble.o)
                0x00003038                strlen
 .text.strncat  0x00003044        0xc /home/stanelie/.pebble-sdk/SDKs/current/sdk-core/pebble/aplite/lib/libpebble.a(tmp7jpKUopebble.o)
                0x00003044                strncat
 .text.tick_timer_service_subscribe
                0x00003050        0xc /home/stanelie/.pebble-sdk/SDKs/current/sdk-core/pebble/aplite/lib/libpebble.a(tmp7jpKUopebble.o)
                0x00003050                tick_timer_service_subscribe
 .text.tick_timer_service_unsubscribe
                0x0000305c        0xc /home/stanelie/.pebble-sdk/SDKs/current/sdk-core/pebble/aplite/lib/libpebble.a(tmp7jpKUopebble.o)
                0x0000305c                tick_timer_service_unsubscribe
 .text.vibes_double_pulse
                0x00003068        0xc /home/stanelie/.pebble-sdk/SDKs/current/sdk-core/pebble/aplite/lib/libpebble.a(tmp7jpKUopebble.o)
                0x00003068                vibes_double_pulse
 .text.vibes_long_pulse
                0x00003074        0xc /home/stanelie/.pebble-sdk/SDKs/current/sdk-core/pebble/aplite/lib/libpebble.a(tmp7jpKUopebble.o)
                0x00003074                vibes_long_pulse
 .text.window_create
                0x00003080        0xc /home/stanelie/.pebble-sdk/SDKs/current/sdk-core/pebble/aplite/lib/libpebble.a(tmp7jpKUopebble.o)
                0x00003080                window_create
 .text.window_destroy
                0x0000308c        0xc /home/stanelie/.pebble-sdk/SDKs/current/sdk-core/pebble/aplite/lib/libpebble.a(tmp7jpKUopebble.o)
                0x0000308c                window_destroy
 .text.window_get_root_layer
                0x00003098        0xc /home/stanelie/.pebble-sdk/SDKs/current/sdk-core/pebble/aplite/lib/libpebble.a(tmp7jpKUopebble.o)
                0x00003098                window_get_root_layer
 .text.window_stack_push
                0x000030a4        0xc /home/stanelie/.pebble-sdk/SDKs/current/sdk-core/pebble/aplite/lib/libpebble.a(tmp7jpKUopebble.o)
                0x000030a4                window_stack_push
 .text.app_message_outbox_begin
                0x000030b0        0xc /home/stanelie/.pebble-sdk/SDKs/current/sdk-core/pebble/aplite/lib/libpebble.a(tmp7jpKUopebble.o)
                0x000030b0                app_message_outbox_begin
 .text.app_message_outbox_send
                0x000030bc        0xc /home/stanelie/.pebble-sdk/SDKs/current/sdk-core/pebble/aplite/lib/libpebble.a(tmp7jpKUopebble.o)
                0x000030bc                app_message_outbox_send
 .text.persist_read_string
                0x000030c8        0xc /home/stanelie/.pebble-sdk/SDKs/current/sdk-core/pebble/aplite/lib/libpebble.a(tmp7jpKUopebble.o)
                0x000030c8                persist_read_string
 .text.i18n_get_system_locale
                0x000030d4        0xc /home/stanelie/.pebble-sdk/SDKs/current/sdk-core/pebble/aplite/lib/libpebble.a(tmp7jpKUopebble.o)
                0x000030d4                i18n_get_system_locale
 .text.setlocale
                0x000030e0        0xc /home/stanelie/.pebble-sdk/SDKs/current/sdk-core/pebble/aplite/lib/libpebble.a(tmp7jpKUopebble.o)
                0x000030e0                setlocale
 .text.graphics_context_set_stroke_color
                0x000030ec        0xc /home/stanelie/.pebble-sdk/SDKs/current/sdk-core/pebble/aplite/lib/libpebble.a(tmp7jpKUopebble.o)
                0x000030ec                graphics_context_set_stroke_color
 .text.window_set_background_color
                0x000030f8        0xc /home/stanelie/.pebble-sdk/SDKs/current/sdk-core/pebble/aplite/lib/libpebble.a(tmp7jpKUopebble.o)
                0x000030f8                window_set_background_color
 .text.localtime
                0x00003104        0xc /home/stanelie/.pebble-sdk/SDKs/current/sdk-core/pebble/aplite/lib/libpebble.a(tmp7jpKUopebble.o)
                0x00003104                localtime
 .text.graphics_context_set_stroke_width
                0x00003110        0xc /home/stanelie/.pebble-sdk/SDKs/current/sdk-core/pebble/aplite/lib/libpebble.a(tmp7jpKUopebble.o)
                0x00003110                graphics_context_set_stroke_width
 .text.text_layer_create
                0x0000311c        0xc /home/stanelie/.pebble-sdk/SDKs/current/sdk-core/pebble/aplite/lib/libpebble.a(tmp7jpKUopebble.o)
                0x0000311c                text_layer_create
 .text.text_layer_destroy
                0x00003128        0xc /home/stanelie/.pebble-sdk/SDKs/current/sdk-core/pebble/aplite/lib/libpebble.a(tmp7jpKUopebble.o)
                0x00003128                text_layer_destroy
 .text.text_layer_get_layer
                0x00003134        0xc /home/stanelie/.pebble-sdk/SDKs/current/sdk-core/pebble/aplite/lib/libpebble.a(tmp7jpKUopebble.o)
                0x00003134                text_layer_get_layer
 .text.text_layer_get_text
                0x00003140        0xc /home/stanelie/.pebble-sdk/SDKs/current/sdk-core/pebble/aplite/lib/libpebble.a(tmp7jpKUopebble.o)
                0x00003140                text_layer_get_text
 .text.text_layer_set_background_color
                0x0000314c        0xc /home/stanelie/.pebble-sdk/SDKs/current/sdk-core/pebble/aplite/lib/libpebble.a(tmp7jpKUopebble.o)
                0x0000314c                text_layer_set_background_color
 .text.text_layer_set_font
                0x00003158        0xc /home/stanelie/.pebble-sdk/SDKs/current/sdk-core/pebble/aplite/lib/libpebble.a(tmp7jpKUopebble.o)
                0x00003158                text_layer_set_font
 .text.text_layer_set_text
                0x00003164        0xc /home/stanelie/.pebble-sdk/SDKs/current/sdk-core/pebble/aplite/lib/libpebble.a(tmp7jpKUopebble.o)
                0x00003164                text_layer_set_text
 .text.text_layer_set_text_alignment
                0x00003170        0xc /home/stanelie/.pebble-sdk/SDKs/current/sdk-core/pebble/aplite/lib/libpebble.a(tmp7jpKUopebble.o)
                0x00003170                text_layer_set_text_alignment
 .text.text_layer_set_text_color
                0x0000317c        0xc /home/stanelie/.pebble-sdk/SDKs/current/sdk-core/pebble/aplite/lib/libpebble.a(tmp7jpKUopebble.o)
                0x0000317c                text_layer_set_text_color
 .text.time     0x00003188        0xc /home/stanelie/.pebble-sdk/SDKs/current/sdk-core/pebble/aplite/lib/libpebble.a(tmp7jpKUopebble.o)
                0x00003188                time
 .text.connection_service_peek_pebble_app_connection
                0x00003194        0xc /home/stanelie/.pebble-sdk/SDKs/current/sdk-core/pebble/aplite/lib/libpebble.a(tmp7jpKUopebble.o)
                0x00003194                connection_service_peek_pebble_app_connection
 .text.connection_service_subscribe
                0x000031a0        0xc /home/stanelie/.pebble-sdk/SDKs/current/sdk-core/pebble/aplite/lib/libpebble.a(tmp7jpKUopebble.o)
                0x000031a0                connection_service_subscribe
 .text.graphics_draw_arc
                0x000031ac        0xc /home/stanelie/.pebble-sdk/SDKs/current/sdk-core/pebble/aplite/lib/libpebble.a(tmp7jpKUopebble.o)
                0x000031ac                graphics_draw_arc
 *(.rodata)
 .rodata        0x000031b8       0x10 src/main.c.25.o
 *(.rodata*)
 .rodata.sync_tuple_changed_callback.str1.1
                0x000031c8      0xbee src/appMessage.c.25.o
                                  0xa (size before relaxing)
 .rodata.SetupMessages.str1.1
                0x00003db6        0xe src/appMessage.c.25.o
 .rodata.handle_battery.str1.1
                0x00003db6        0x7 src/battery.c.25.o
 .rodata.handle_bluetooth.str1.1
                0x00003db6        0x3 src/bluetooth.c.25.o
 .rodata.formatSunset.str1.1
                0x00003db6        0xc src/functions.c.25.o
 .rodata.str1.1
                0x00003db6      0xba5 src/language.c.25.o
 .rodata.getDate.str1.1
                0x00003db6       0x19 src/main.c.25.o
 .rodata.getTime.str1.1
                0x00003db6        0xc src/main.c.25.o
 .rodata.handle_tick.str1.1
                0x00003db6        0x3 src/main.c.25.o
 .rodata.str1.1
                0x00003db6       0xb3 src/main.c.25.o
 *fill*         0x00003db6        0x2 
 .rodata.WEATHER_ICONS_SMALL
                0x00003db8       0x4c src/main.c.25.o
 .rodata.WEATHER_ICONS
                0x00003e04       0x48 src/main.c.25.o

.glue_7         0x00003e4c        0x0
 .glue_7        0x00003e4c        0x0 linker stubs

.glue_7t        0x00003e4c        0x0
 .glue_7t       0x00003e4c        0x0 linker stubs

.vfp11_veneer   0x00003e4c        0x0
 .vfp11_veneer  0x00003e4c        0x0 linker stubs

.v4_bx          0x00003e4c        0x0
 .v4_bx         0x00003e4c        0x0 linker stubs

.init           0x00003e4c        0x4
 .init          0x00003e4c        0x4 /home/stanelie/.pebble-sdk/SDKs/4.9.169/toolchain/arm-none-eabi/bin/../lib/gcc/arm-none-eabi/14.2.1/thumb/v7-m/nofp/crti.o
                0x00003e4c                _init

.fini           0x00003e50        0x4
 .fini          0x00003e50        0x4 /home/stanelie/.pebble-sdk/SDKs/4.9.169/toolchain/arm-none-eabi/bin/../lib/gcc/arm-none-eabi/14.2.1/thumb/v7-m/nofp/crti.o
                0x00003e50                _fini

.iplt           0x00003e54        0x0
 .iplt          0x00003e54        0x0 src/appMessage.c.25.o

.rel.dyn        0x00003e54        0x0
 .rel.iplt      0x00003e54        0x0 src/appMessage.c.25.o
 .rel.got       0x00003e54        0x0 src/appMessage.c.25.o

.data           0x00003e54      0x811
 *(.data)
 .data          0x00003e54        0x0 /home/stanelie/.pebble-sdk/SDKs/4.9.169/toolchain/arm-none-eabi/bin/../lib/gcc/arm-none-eabi/14.2.1/thumb/v7-m/nofp/crti.o
 .data          0x00003e54        0x0 /home/stanelie/.pebble-sdk/SDKs/4.9.169/toolchain/arm-none-eabi/bin/../lib/gcc/arm-none-eabi/14.2.1/thumb/v7-m/nofp/crtbegin.o
 .data          0x00003e54        0x0 /home/stanelie/.pebble-sdk/SDKs/4.9.169/toolchain/arm-none-eabi/bin/../lib/gcc/arm-none-eabi/14.2.1/../../../../arm-none-eabi/lib/thumb/v7-m/nofp/crt0.o
 .data          0x00003e54        0x0 src/PDUtils.c.25.o
 .data          0x00003e54        0x0 src/appMessage.c.25.o
 .data          0x00003e54        0x0 src/battery.c.25.o
 .data          0x00003e54        0x0 src/bluetooth.c.25.o
 .data          0x00003e54        0x0 src/functions.c.25.o
 .data          0x00003e54        0x0 src/health.c.25.o
 .data          0x00003e54        0x0 src/language.c.25.o
 .data          0x00003e54        0x0 src/main.c.25.o
 .data          0x00003e54        0x0 aplite/appinfo.auto.c.25.o
 .data          0x00003e54        0x0 aplite/src/resource_ids.auto.c.25.o
 .data          0x00003e54        0x0 src/message_keys.auto.c.25.o
 .data          0x00003e54        0x0 /home/stanelie/.pebble-sdk/SDKs/current/sdk-core/pebble/aplite/lib/libpebble.a(tmp7jpKUopebble.o)
 .data          0x00003e54        0x0 /home/stanelie/.pebble-sdk/SDKs/4.9.169/toolchain/arm-none-eabi/bin/../lib/gcc/arm-none-eabi/14.2.1/thumb/v7-m/nofp/libgcc.a(_arm_muldf3.o)
 .data          0x00003e54        0x0 /home/stanelie/.pebble-sdk/SDKs/4.9.169/toolchain/arm-none-eabi/bin/../lib/gcc/arm-none-eabi/14.2.1/thumb/v7-m/nofp/libgcc.a(_arm_addsubdf3.o)
 .data          0x00003e54        0x0 /home/stanelie/.pebble-sdk/SDKs/4.9.169/toolchain/arm-none-eabi/bin/../lib/gcc/arm-none-eabi/14.2.1/thumb/v7-m/nofp/libgcc.a(_arm_muldivdf3.o)
 .data          0x00003e54        0x0 /home/stanelie/.pebble-sdk/SDKs/4.9.169/toolchain/arm-none-eabi/bin/../lib/gcc/arm-none-eabi/14.2.1/thumb/v7-m/nofp/libgcc.a(_arm_fixdfsi.o)
 .data          0x00003e54        0x0 /home/stanelie/.pebble-sdk/SDKs/4.9.169/toolchain/arm-none-eabi/bin/../lib/gcc/arm-none-eabi/14.2.1/../../../../arm-none-eabi/lib/thumb/v7-m/nofp/libc.a(libc_a-atexit.o)
 .data          0x00003e54        0x0 /home/stanelie/.pebble-sdk/SDKs/4.9.169/toolchain/arm-none-eabi/bin/../lib/gcc/arm-none-eabi/14.2.1/../../../../arm-none-eabi/lib/thumb/v7-m/nofp/libc.a(libc_a-exit.o)
 .data          0x00003e54        0x0 /home/stanelie/.pebble-sdk/SDKs/4.9.169/toolchain/arm-none-eabi/bin/../lib/gcc/arm-none-eabi/14.2.1/../../../../arm-none-eabi/lib/thumb/v7-m/nofp/libc.a(libc_a-ctype_.o)
 .data          0x00003e54        0x0 /home/stanelie/.pebble-sdk/SDKs/4.9.169/toolchain/arm-none-eabi/bin/../lib/gcc/arm-none-eabi/14.2.1/../../../../arm-none-eabi/lib/thumb/v7-m/nofp/libc.a(libc_a-findfp.o)
 .data          0x00003e54        0x0 /home/stanelie/.pebble-sdk/SDKs/4.9.169/toolchain/arm-none-eabi/bin/../lib/gcc/arm-none-eabi/14.2.1/../../../../arm-none-eabi/lib/thumb/v7-m/nofp/libc.a(libc_a-fwalk.o)
 .data          0x00003e54        0x0 /home/stanelie/.pebble-sdk/SDKs/4.9.169/toolchain/arm-none-eabi/bin/../lib/gcc/arm-none-eabi/14.2.1/../../../../arm-none-eabi/lib/thumb/v7-m/nofp/libc.a(libc_a-stdio.o)
 .data          0x00003e54        0x0 /home/stanelie/.pebble-sdk/SDKs/4.9.169/toolchain/arm-none-eabi/bin/../lib/gcc/arm-none-eabi/14.2.1/../../../../arm-none-eabi/lib/thumb/v7-m/nofp/libc.a(libc_a-strcspn.o)
 .data          0x00003e54        0x0 /home/stanelie/.pebble-sdk/SDKs/4.9.169/toolchain/arm-none-eabi/bin/../lib/gcc/arm-none-eabi/14.2.1/../../../../arm-none-eabi/lib/thumb/v7-m/nofp/libc.a(libc_a-strspn.o)
 .data          0x00003e54        0x0 /home/stanelie/.pebble-sdk/SDKs/4.9.169/toolchain/arm-none-eabi/bin/../lib/gcc/arm-none-eabi/14.2.1/../../../../arm-none-eabi/lib/thumb/v7-m/nofp/libc.a(libc_a-closer.o)
 .data          0x00003e54        0x0 /home/stanelie/.pebble-sdk/SDKs/4.9.169/toolchain/arm-none-eabi/bin/../lib/gcc/arm-none-eabi/14.2.1/../../../../arm-none-eabi/lib/thumb/v7-m/nofp/libc.a(libc_a-reent.o)
 .data          0x00003e54        0x0 /home/stanelie/.pebble-sdk/SDKs/4.9.169/toolchain/arm-none-eabi/bin/../lib/gcc/arm-none-eabi/14.2.1/../../../../arm-none-eabi/lib/thumb/v7-m/nofp/libc.a(libc_a-impure.o)
 .data          0x00003e54        0x0 /home/stanelie/.pebble-sdk/SDKs/4.9.169/toolchain/arm-none-eabi/bin/../lib/gcc/arm-none-eabi/14.2.1/../../../../arm-none-eabi/lib/thumb/v7-m/nofp/libc.a(libc_a-lseekr.o)
 .data          0x00003e54        0x0 /home/stanelie/.pebble-sdk/SDKs/4.9.169/toolchain/arm-none-eabi/bin/../lib/gcc/arm-none-eabi/14.2.1/../../../../arm-none-eabi/lib/thumb/v7-m/nofp/libc.a(libc_a-readr.o)
 .data          0x00003e54        0x0 /home/stanelie/.pebble-sdk/SDKs/4.9.169/toolchain/arm-none-eabi/bin/../lib/gcc/arm-none-eabi/14.2.1/../../../../arm-none-eabi/lib/thumb/v7-m/nofp/libc.a(libc_a-writer.o)
 .data          0x00003e54        0x0 /home/stanelie/.pebble-sdk/SDKs/4.9.169/toolchain/arm-none-eabi/bin/../lib/gcc/arm-none-eabi/14.2.1/../../../../arm-none-eabi/lib/thumb/v7-m/nofp/libc.a(libc_a-init.o)
 .data          0x00003e54        0x0 /home/stanelie/.pebble-sdk/SDKs/4.9.169/toolchain/arm-none-eabi/bin/../lib/gcc/arm-none-eabi/14.2.1/../../../../arm-none-eabi/lib/thumb/v7-m/nofp/libc.a(libc_a-fini.o)
 .data          0x00003e54        0x0 /home/stanelie/.pebble-sdk/SDKs/4.9.169/toolchain/arm-none-eabi/bin/../lib/gcc/arm-none-eabi/14.2.1/../../../../arm-none-eabi/lib/thumb/v7-m/nofp/libc.a(libc_a-lock.o)
 .data          0x00003e54        0x0 /home/stanelie/.pebble-sdk/SDKs/4.9.169/toolchain/arm-none-eabi/bin/../lib/gcc/arm-none-eabi/14.2.1/../../../../arm-none-eabi/lib/thumb/v7-m/nofp/libc.a(libc_a-__atexit.o)
 .data          0x00003e54        0x0 /home/stanelie/.pebble-sdk/SDKs/4.9.169/toolchain/arm-none-eabi/bin/../lib/gcc/arm-none-eabi/14.2.1/../../../../arm-none-eabi/lib/thumb/v7-m/nofp/libc.a(libc_a-__call_atexit.o)
 .data          0x00003e54        0x0 /home/stanelie/.pebble-sdk/SDKs/4.9.169/toolchain/arm-none-eabi/bin/../lib/gcc/arm-none-eabi/14.2.1/../../../../arm-none-eabi/lib/thumb/v7-m/nofp/libc.a(libc_a-freer.o)
 .data          0x00003e54        0x0 /home/stanelie/.pebble-sdk/SDKs/4.9.169/toolchain/arm-none-eabi/bin/../lib/gcc/arm-none-eabi/14.2.1/../../../../arm-none-eabi/lib/thumb/v7-m/nofp/libc.a(libc_a-mallocr.o)
 .data          0x00003e54        0x0 /home/stanelie/.pebble-sdk/SDKs/4.9.169/toolchain/arm-none-eabi/bin/../lib/gcc/arm-none-eabi/14.2.1/../../../../arm-none-eabi/lib/thumb/v7-m/nofp/libc.a(libc_a-mlock.o)
 .data          0x00003e54        0x0 /home/stanelie/.pebble-sdk/SDKs/4.9.169/toolchain/arm-none-eabi/bin/../lib/gcc/arm-none-eabi/14.2.1/../../../../arm-none-eabi/lib/thumb/v7-m/nofp/libc.a(libc_a-fclose.o)
 .data          0x00003e54        0x0 /home/stanelie/.pebble-sdk/SDKs/4.9.169/toolchain/arm-none-eabi/bin/../lib/gcc/arm-none-eabi/14.2.1/../../../../arm-none-eabi/lib/thumb/v7-m/nofp/libc.a(libc_a-fflush.o)
 .data          0x00003e54        0x0 /home/stanelie/.pebble-sdk/SDKs/4.9.169/toolchain/arm-none-eabi/bin/../lib/gcc/arm-none-eabi/14.2.1/../../../../arm-none-eabi/lib/thumb/v7-m/nofp/libc.a(libc_a-sbrkr.o)
 .data          0x00003e54        0x0 /home/stanelie/.pebble-sdk/SDKs/4.9.169/toolchain/arm-none-eabi/bin/../lib/gcc/arm-none-eabi/14.2.1/../../../../arm-none-eabi/lib/thumb/v7-m/nofp/libc.a(libc_a-sysconf.o)
 .data          0x00003e54        0x0 /home/stanelie/.pebble-sdk/SDKs/4.9.169/toolchain/arm-none-eabi/bin/../lib/gcc/arm-none-eabi/14.2.1/../../../../arm-none-eabi/lib/thumb/v7-m/nofp/libc.a(libc_a-errno.o)
 .data          0x00003e54        0x0 /home/stanelie/.pebble-sdk/SDKs/4.9.169/toolchain/arm-none-eabi/bin/../lib/gcc/arm-none-eabi/14.2.1/thumb/v7-m/nofp/crtend.o
 .data          0x00003e54        0x0 /home/stanelie/.pebble-sdk/SDKs/4.9.169/toolchain/arm-none-eabi/bin/../lib/gcc/arm-none-eabi/14.2.1/thumb/v7-m/nofp/crtn.o
 *(.data.*)
 .data.initial_Language
                0x00003e54        0x4 src/appMessage.c.25.o
                0x00003e54                initial_Language
 .data.initial_ESDuration_ms
                0x00003e58        0x4 src/appMessage.c.25.o
                0x00003e58                initial_ESDuration_ms
 .data.initial_timeout_ms
                0x00003e5c        0x4 src/appMessage.c.25.o
                0x00003e5c                initial_timeout_ms
 .data.initial_ICON_CODE
                0x00003e60        0x4 src/appMessage.c.25.o
                0x00003e60                initial_ICON_CODE
 .data.initial_temp
                0x00003e64        0x6 src/appMessage.c.25.o
 .data.update_text
                0x00003e6a        0x6 src/appMessage.c.25.o
 .data.formatedsunrise.0
                0x00003e70        0x6 src/functions.c.25.o
 .data.formatedsunset.1
                0x00003e76        0x6 src/functions.c.25.o
 .data.rel.ro.local.MONTHS
                0x00003e7c      0x3f4 src/language.c.25.o
 .data.rel.ro.local.WEEKDAYS
                0x00004270      0x250 src/language.c.25.o
 .data.rel.ro.local.japanese_numbers
                0x000044c0       0x80 src/main.c.25.o
 .data.day3L    0x00004540        0x7 src/main.c.25.o
 .data.day3H    0x00004547        0x7 src/main.c.25.o
 .data.day2L    0x0000454e        0x7 src/main.c.25.o
 .data.day2H    0x00004555        0x7 src/main.c.25.o
 .data.day1L    0x0000455c        0x7 src/main.c.25.o
 .data.day1H    0x00004563        0x7 src/main.c.25.o
 .data.weekday3_text
                0x0000456a        0xe src/main.c.25.o
 .data.weekday2_text
                0x00004578        0xe src/main.c.25.o
 .data.weekday1_text
                0x00004586        0xe src/main.c.25.o
 .data.PoP      0x00004594        0x5 src/main.c.25.o
 .data.wind     0x00004599        0x6 src/main.c.25.o
 .data.sunset   0x0000459f        0x6 src/main.c.25.o
 .data.sunrise  0x000045a5        0x6 src/main.c.25.o
 .data.low      0x000045ab        0x6 src/main.c.25.o
 .data.high     0x000045b1        0x6 src/main.c.25.o
 *fill*         0x000045b7        0x1 
 .data.ESDuration_ms
                0x000045b8        0x4 src/main.c.25.o
                0x000045b8                ESDuration_ms
 .data.timeout_ms
                0x000045bc        0x4 src/main.c.25.o
                0x000045bc                timeout_ms
 .data.last_update
                0x000045c0        0x7 src/main.c.25.o
 .data.city     0x000045c7       0x64 src/main.c.25.o
 *fill*         0x0000462b        0x1 
 .data.ICON_CODE
                0x0000462c        0x4 src/main.c.25.o
                0x0000462c                ICON_CODE
 .data.temp     0x00004630        0x6 src/main.c.25.o
 *fill*         0x00004636        0x2 
 .data.intLangCounter
                0x00004638        0x4 src/main.c.25.o
                0x00004638                intLangCounter
 .data.intLanguage
                0x0000463c        0x4 src/main.c.25.o
                0x0000463c                intLanguage
 .data.seconds_text
                0x00004640        0x3 src/main.c.25.o
 .data.time_text
                0x00004643        0x6 src/main.c.25.o
 .data.month_text
                0x00004649        0xf src/main.c.25.o
 .data.weekday_text
                0x00004658        0xd src/main.c.25.o

.igot.plt       0x00004668        0x0
 .igot.plt      0x00004668        0x0 src/appMessage.c.25.o

.got            0x00004668      0x108
 .got           0x00004668      0x108 src/appMessage.c.25.o

.got.plt        0x00004770        0xc
 .got.plt       0x00004770        0xc src/appMessage.c.25.o
                0x00004770                _GLOBAL_OFFSET_TABLE_

.bss            0x0000477c      0x45c
 *(.bss)
 *(.bss.*)
 .bss.initial_blnBacklight
                0x0000477c        0x1 src/appMessage.c.25.o
                0x0000477c                initial_blnBacklight
 .bss.initial_bln3daysForecast
                0x0000477d        0x1 src/appMessage.c.25.o
                0x0000477d                initial_bln3daysForecast
 .bss.initial_blnseconds
                0x0000477e        0x1 src/appMessage.c.25.o
                0x0000477e                initial_blnseconds
 .bss.initial_HourlyVibe
                0x0000477f        0x1 src/appMessage.c.25.o
                0x0000477f                initial_HourlyVibe
 .bss.initial_city
                0x00004780       0x64 src/appMessage.c.25.o
 .bss.sync      0x000047e4       0x20 src/appMessage.c.25.o
 .bss.battery_text.0
                0x00004804        0x9 src/battery.c.25.o
 *fill*         0x0000480d        0x3 
 .bss.blnConnected
                0x00004810        0x4 src/bluetooth.c.25.o
                0x00004810                blnConnected
 .bss.translatedMonth.0
                0x00004814        0xd src/language.c.25.o
 .bss.translatedWeekday.1
                0x00004821        0xd src/language.c.25.o
 .bss.bln3daysForecast
                0x0000482e        0x1 src/main.c.25.o
                0x0000482e                bln3daysForecast
 .bss.strwdirection
                0x0000482f       0x64 src/main.c.25.o
 .bss.blnForecast
                0x00004893        0x1 src/main.c.25.o
                0x00004893                blnForecast
 .bss.blnseconds
                0x00004894        0x1 src/main.c.25.o
                0x00004894                blnseconds
 .bss.blnBacklight
                0x00004895        0x1 src/main.c.25.o
                0x00004895                blnBacklight
 *fill*         0x00004896        0x2 
 .bss.TapCount  0x00004898        0x4 src/main.c.25.o
                0x00004898                TapCount
 .bss.blnHourlyVibe
                0x0000489c        0x1 src/main.c.25.o
                0x0000489c                blnHourlyVibe
 *fill*         0x0000489d        0x3 
 .bss.intMonth  0x000048a0        0x4 src/main.c.25.o
                0x000048a0                intMonth
 .bss.intDay    0x000048a4        0x4 src/main.c.25.o
                0x000048a4                intDay
 .bss.intWDay   0x000048a8        0x4 src/main.c.25.o
                0x000048a8                intWDay
 .bss.forecast3_layer
                0x000048ac        0x4 src/main.c.25.o
 .bss.forecast3
                0x000048b0        0x4 src/main.c.25.o
 .bss.forecast2_layer
                0x000048b4        0x4 src/main.c.25.o
 .bss.forecast2
                0x000048b8        0x4 src/main.c.25.o
 .bss.forecast1_layer
                0x000048bc        0x4 src/main.c.25.o
 .bss.forecast1
                0x000048c0        0x4 src/main.c.25.o
 .bss.weather_icon_layer
                0x000048c4        0x4 src/main.c.25.o
 .bss.weather_image
                0x000048c8        0x4 src/main.c.25.o
 COMMON         0x000048cc      0x204 src/appMessage.c.25.o
                0x000048cc                sync_buffer
                0x00004acc                oldLanguage
 COMMON         0x00004ad0       0xac src/battery.c.25.o
                0x00004ad0                Day2_Layer
                0x00004ad4                mainWindow
                0x00004ad8                wind_icon_layer
                0x00004adc                high_image
                0x00004ae0                Batt_Layer
                0x00004ae4                Sunrise_Layer
                0x00004ae8                sunrise_image
                0x00004aec                WDirection_Layer
                0x00004af0                date_layer
                0x00004af4                Day1_Layer
                0x00004af8                High1_Layer
                0x00004afc                Low2_Layer
                0x00004b00                rain_image
                0x00004b04                wind_image
                0x00004b08                Wind_Layer
                0x00004b0c                line
                0x00004b10                Low1_Layer
                0x00004b14                sunset_icon_layer
                0x00004b18                Last_Update
                0x00004b1c                battery_layer
                0x00004b20                ampm_layer
                0x00004b24                Low_Layer
                0x00004b28                seconds_layer
                0x00004b2c                sunset_image
                0x00004b30                rain_icon_layer
                0x00004b34                Sunset_Layer
                0x00004b38                Day3_Layer
                0x00004b3c                Location_Layer
                0x00004b40                High2_Layer
                0x00004b44                High3_Layer
                0x00004b48                Low3_Layer
                0x00004b4c                high_icon_layer
                0x00004b50                High_Layer
                0x00004b54                low_icon_layer
                0x00004b58                BT_icon_layer
                0x00004b5c                BT_image
                0x00004b60                low_image
                0x00004b64                Time_Layer
                0x00004b68                Temperature_Layer
                0x00004b6c                Weekday_Layer
                0x00004b70                sunrise_icon_layer
                0x00004b74                PoP_Layer
                0x00004b78                intBatteryLevel
 COMMON         0x00004b7c        0x4 src/bluetooth.c.25.o
                0x00004b7c                batt
 COMMON         0x00004b80        0x4 src/functions.c.25.o
                0x00004b80                BackLightTimer
 COMMON         0x00004b84       0x54 src/main.c.25.o
                0x00004b84                font_russian_date_forecast
                0x00004b88                code2
                0x00004b8c                res_d
                0x00004b90                res_u
                0x00004b94                font_asian
                0x00004b98                font_date
                0x00004b9c                day_month
                0x00004bac                res_t
                0x00004bb0                res_temp
                0x00004bb4                font_russian
                0x00004bb8                code3
                0x00004bbc                code1
                0x00004bc0                font_time
                0x00004bc4                font_update
                0x00004bc8                res_asian
                0x00004bcc                font_temperature
                0x00004bd0                res_russian
                0x00004bd4                res_d_rus_forecast

DISCARD
 libc.a(*)
 libm.a(*)
 libgcc.a(*)
 *(.eh_frame)
OUTPUT(/home/stanelie/Documents/Yahoo--Weather/build/aplite/pebble-app.elf elf32-littlearm)
LOAD linker stubs
LOAD /home/stanelie/.pebble-sdk/SDKs/4.9.169/toolchain/arm-none-eabi/bin/../lib/gcc/arm-none-eabi/14.2.1/../../../../arm-none-eabi/lib/thumb/v7-m/nofp/libc.a
LOAD /home/stanelie/.pebble-sdk/SDKs/4.9.169/toolchain/arm-none-eabi/bin/../lib/gcc/arm-none-eabi/14.2.1/../../../../arm-none-eabi/lib/thumb/v7-m/nofp/libm.a
LOAD /home/stanelie/.pebble-sdk/SDKs/4.9.169/toolchain/arm-none-eabi/bin/../lib/gcc/arm-none-eabi/14.2.1/thumb/v7-m/nofp/libgcc.a

.ARM.attributes
                0x00000000       0x29
 .ARM.attributes
                0x00000000       0x1d /home/stanelie/.pebble-sdk/SDKs/4.9.169/toolchain/arm-none-eabi/bin/../lib/gcc/arm-none-eabi/14.2.1/thumb/v7-m/nofp/crti.o
 .ARM.attributes
                0x0000001d       0x2d /home/stanelie/.pebble-sdk/SDKs/4.9.169/toolchain/arm-none-eabi/bin/../lib/gcc/arm-none-eabi/14.2.1/thumb/v7-m/nofp/crtbegin.o
 .ARM.attributes
                0x0000004a       0x1b /home/stanelie/.pebble-sdk/SDKs/4.9.169/toolchain/arm-none-eabi/bin/../lib/gcc/arm-none-eabi/14.2.1/../../../../arm-none-eabi/lib/thumb/v7-m/nofp/crt0.o
 .ARM.attributes
                0x00000065       0x2d src/PDUtils.c.25.o
 .ARM.attributes
                0x00000092       0x2d src/appMessage.c.25.o
 .ARM.attributes
                0x000000bf       0x2d src/battery.c.25.o
 .ARM.attributes
                0x000000ec       0x2d src/bluetooth.c.25.o
 .ARM.attributes
                0x00000119       0x2d src/functions.c.25.o
 .ARM.attributes
                0x00000146       0x2d src/health.c.25.o
 .ARM.attributes
                0x00000173       0x2d src/language.c.25.o
 .ARM.attributes
                0x000001a0       0x2d src/main.c.25.o
 .ARM.attributes
                0x000001cd       0x2d aplite/appinfo.auto.c.25.o
 .ARM.attributes
                0x000001fa       0x2d aplite/src/resource_ids.auto.c.25.o
 .ARM.attributes
                0x00000227       0x2d src/message_keys.auto.c.25.o
 .ARM.attributes
                0x00000254       0x21 /home/stanelie/.pebble-sdk/SDKs/current/sdk-core/pebble/aplite/lib/libpebble.a(tmp7jpKUopebble.o)
 .ARM.attributes
                0x00000275       0x1d /home/stanelie/.pebble-sdk/SDKs/4.9.169/toolchain/arm-none-eabi/bin/../lib/gcc/arm-none-eabi/14.2.1/thumb/v7-m/nofp/libgcc.a(_arm_muldf3.o)
 .ARM.attributes
                0x00000292       0x1d /home/stanelie/.pebble-sdk/SDKs/4.9.169/toolchain/arm-none-eabi/bin/../lib/gcc/arm-none-eabi/14.2.1/thumb/v7-m/nofp/libgcc.a(_arm_addsubdf3.o)
 .ARM.attributes
                0x000002af       0x1d /home/stanelie/.pebble-sdk/SDKs/4.9.169/toolchain/arm-none-eabi/bin/../lib/gcc/arm-none-eabi/14.2.1/thumb/v7-m/nofp/libgcc.a(_arm_muldivdf3.o)
 .ARM.attributes
                0x000002cc       0x1d /home/stanelie/.pebble-sdk/SDKs/4.9.169/toolchain/arm-none-eabi/bin/../lib/gcc/arm-none-eabi/14.2.1/thumb/v7-m/nofp/libgcc.a(_arm_fixdfsi.o)
 .ARM.attributes
                0x000002e9       0x2d /home/stanelie/.pebble-sdk/SDKs/4.9.169/toolchain/arm-none-eabi/bin/../lib/gcc/arm-none-eabi/14.2.1/../../../../arm-none-eabi/lib/thumb/v7-m/nofp/libc.a(libc_a-atexit.o)
 .ARM.attributes
                0x00000316       0x2d /home/stanelie/.pebble-sdk/SDKs/4.9.169/toolchain/arm-none-eabi/bin/../lib/gcc/arm-none-eabi/14.2.1/../../../../arm-none-eabi/lib/thumb/v7-m/nofp/libc.a(libc_a-exit.o)
 .ARM.attributes
                0x00000343       0x2d /home/stanelie/.pebble-sdk/SDKs/4.9.169/toolchain/arm-none-eabi/bin/../lib/gcc/arm-none-eabi/14.2.1/../../../../arm-none-eabi/lib/thumb/v7-m/nofp/libc.a(libc_a-ctype_.o)
 .ARM.attributes
                0x00000370       0x2d /home/stanelie/.pebble-sdk/SDKs/4.9.169/toolchain/arm-none-eabi/bin/../lib/gcc/arm-none-eabi/14.2.1/../../../../arm-none-eabi/lib/thumb/v7-m/nofp/libc.a(libc_a-findfp.o)
 .ARM.attributes
                0x0000039d       0x2d /home/stanelie/.pebble-sdk/SDKs/4.9.169/toolchain/arm-none-eabi/bin/../lib/gcc/arm-none-eabi/14.2.1/../../../../arm-none-eabi/lib/thumb/v7-m/nofp/libc.a(libc_a-fwalk.o)
 .ARM.attributes
                0x000003ca       0x2d /home/stanelie/.pebble-sdk/SDKs/4.9.169/toolchain/arm-none-eabi/bin/../lib/gcc/arm-none-eabi/14.2.1/../../../../arm-none-eabi/lib/thumb/v7-m/nofp/libc.a(libc_a-stdio.o)
 .ARM.attributes
                0x000003f7       0x2d /home/stanelie/.pebble-sdk/SDKs/4.9.169/toolchain/arm-none-eabi/bin/../lib/gcc/arm-none-eabi/14.2.1/../../../../arm-none-eabi/lib/thumb/v7-m/nofp/libc.a(libc_a-strcspn.o)
 .ARM.attributes
                0x00000424       0x2d /home/stanelie/.pebble-sdk/SDKs/4.9.169/toolchain/arm-none-eabi/bin/../lib/gcc/arm-none-eabi/14.2.1/../../../../arm-none-eabi/lib/thumb/v7-m/nofp/libc.a(libc_a-strspn.o)
 .ARM.attributes
                0x00000451       0x2d /home/stanelie/.pebble-sdk/SDKs/4.9.169/toolchain/arm-none-eabi/bin/../lib/gcc/arm-none-eabi/14.2.1/../../../../arm-none-eabi/lib/thumb/v7-m/nofp/libc.a(libc_a-closer.o)
 .ARM.attributes
                0x0000047e       0x2d /home/stanelie/.pebble-sdk/SDKs/4.9.169/toolchain/arm-none-eabi/bin/../lib/gcc/arm-none-eabi/14.2.1/../../../../arm-none-eabi/lib/thumb/v7-m/nofp/libc.a(libc_a-reent.o)
 .ARM.attributes
                0x000004ab       0x2d /home/stanelie/.pebble-sdk/SDKs/4.9.169/toolchain/arm-none-eabi/bin/../lib/gcc/arm-none-eabi/14.2.1/../../../../arm-none-eabi/lib/thumb/v7-m/nofp/libc.a(libc_a-impure.o)
 .ARM.attributes
                0x000004d8       0x2d /home/stanelie/.pebble-sdk/SDKs/4.9.169/toolchain/arm-none-eabi/bin/../lib/gcc/arm-none-eabi/14.2.1/../../../../arm-none-eabi/lib/thumb/v7-m/nofp/libc.a(libc_a-lseekr.o)
 .ARM.attributes
                0x00000505       0x2d /home/stanelie/.pebble-sdk/SDKs/4.9.169/toolchain/arm-none-eabi/bin/../lib/gcc/arm-none-eabi/14.2.1/../../../../arm-none-eabi/lib/thumb/v7-m/nofp/libc.a(libc_a-readr.o)
 .ARM.attributes
                0x00000532       0x2d /home/stanelie/.pebble-sdk/SDKs/4.9.169/toolchain/arm-none-eabi/bin/../lib/gcc/arm-none-eabi/14.2.1/../../../../arm-none-eabi/lib/thumb/v7-m/nofp/libc.a(libc_a-writer.o)
 .ARM.attributes
                0x0000055f       0x2d /home/stanelie/.pebble-sdk/SDKs/4.9.169/toolchain/arm-none-eabi/bin/../lib/gcc/arm-none-eabi/14.2.1/../../../../arm-none-eabi/lib/thumb/v7-m/nofp/libc.a(libc_a-init.o)
 .ARM.attributes
                0x0000058c       0x2d /home/stanelie/.pebble-sdk/SDKs/4.9.169/toolchain/arm-none-eabi/bin/../lib/gcc/arm-none-eabi/14.2.1/../../../../arm-none-eabi/lib/thumb/v7-m/nofp/libc.a(libc_a-fini.o)
 .ARM.attributes
                0x000005b9       0x2d /home/stanelie/.pebble-sdk/SDKs/4.9.169/toolchain/arm-none-eabi/bin/../lib/gcc/arm-none-eabi/14.2.1/../../../../arm-none-eabi/lib/thumb/v7-m/nofp/libc.a(libc_a-lock.o)
 .ARM.attributes
                0x000005e6       0x2d /home/stanelie/.pebble-sdk/SDKs/4.9.169/toolchain/arm-none-eabi/bin/../lib/gcc/arm-none-eabi/14.2.1/../../../../arm-none-eabi/lib/thumb/v7-m/nofp/libc.a(libc_a-__atexit.o)
 .ARM.attributes
                0x00000613       0x2d /home/stanelie/.pebble-sdk/SDKs/4.9.169/toolchain/arm-none-eabi/bin/../lib/gcc/arm-none-eabi/14.2.1/../../../../arm-none-eabi/lib/thumb/v7-m/nofp/libc.a(libc_a-__call_atexit.o)
 .ARM.attributes
                0x00000640       0x2d /home/stanelie/.pebble-sdk/SDKs/4.9.169/toolchain/arm-none-eabi/bin/../lib/gcc/arm-none-eabi/14.2.1/../../../../arm-none-eabi/lib/thumb/v7-m/nofp/libc.a(libc_a-freer.o)
 .ARM.attributes
                0x0000066d       0x2d /home/stanelie/.pebble-sdk/SDKs/4.9.169/toolchain/arm-none-eabi/bin/../lib/gcc/arm-none-eabi/14.2.1/../../../../arm-none-eabi/lib/thumb/v7-m/nofp/libc.a(libc_a-mallocr.o)
 .ARM.attributes
                0x0000069a       0x2d /home/stanelie/.pebble-sdk/SDKs/4.9.169/toolchain/arm-none-eabi/bin/../lib/gcc/arm-none-eabi/14.2.1/../../../../arm-none-eabi/lib/thumb/v7-m/nofp/libc.a(libc_a-mlock.o)
 .ARM.attributes
                0x000006c7       0x2d /home/stanelie/.pebble-sdk/SDKs/4.9.169/toolchain/arm-none-eabi/bin/../lib/gcc/arm-none-eabi/14.2.1/../../../../arm-none-eabi/lib/thumb/v7-m/nofp/libc.a(libc_a-fclose.o)
 .ARM.attributes
                0x000006f4       0x2d /home/stanelie/.pebble-sdk/SDKs/4.9.169/toolchain/arm-none-eabi/bin/../lib/gcc/arm-none-eabi/14.2.1/../../../../arm-none-eabi/lib/thumb/v7-m/nofp/libc.a(libc_a-fflush.o)
 .ARM.attributes
                0x00000721       0x2d /home/stanelie/.pebble-sdk/SDKs/4.9.169/toolchain/arm-none-eabi/bin/../lib/gcc/arm-none-eabi/14.2.1/../../../../arm-none-eabi/lib/thumb/v7-m/nofp/libc.a(libc_a-sbrkr.o)
 .ARM.attributes
                0x0000074e       0x2d /home/stanelie/.pebble-sdk/SDKs/4.9.169/toolchain/arm-none-eabi/bin/../lib/gcc/arm-none-eabi/14.2.1/../../../../arm-none-eabi/lib/thumb/v7-m/nofp/libc.a(libc_a-sysconf.o)
 .ARM.attributes
                0x0000077b       0x2d /home/stanelie/.pebble-sdk/SDKs/4.9.169/toolchain/arm-none-eabi/bin/../lib/gcc/arm-none-eabi/14.2.1/../../../../arm-none-eabi/lib/thumb/v7-m/nofp/libc.a(libc_a-errno.o)
 .ARM.attributes
                0x000007a8       0x2d /home/stanelie/.pebble-sdk/SDKs/4.9.169/toolchain/arm-none-eabi/bin/../lib/gcc/arm-none-eabi/14.2.1/thumb/v7-m/nofp/crtend.o
 .ARM.attributes
                0x000007d5       0x1d /home/stanelie/.pebble-sdk/SDKs/4.9.169/toolchain/arm-none-eabi/bin/../lib/gcc/arm-none-eabi/14.2.1/thumb/v7-m/nofp/crtn.o

.comment        0x00000000       0x39
 .comment       0x00000000       0x39 /home/stanelie/.pebble-sdk/SDKs/4.9.169/toolchain/arm-none-eabi/bin/../lib/gcc/arm-none-eabi/14.2.1/thumb/v7-m/nofp/crtbegin.o
                                 0x3a (size before relaxing)
 .comment       0x00000039       0x3a src/PDUtils.c.25.o
 .comment       0x00000039       0x3a src/appMessage.c.25.o
 .comment       0x00000039       0x3a src/battery.c.25.o
 .comment       0x00000039       0x3a src/bluetooth.c.25.o
 .comment       0x00000039       0x3a src/functions.c.25.o
 .comment       0x00000039       0x3a src/health.c.25.o
 .comment       0x00000039       0x3a src/language.c.25.o
 .comment       0x00000039       0x3a src/main.c.25.o
 .comment       0x00000039       0x3a aplite/appinfo.auto.c.25.o
 .comment       0x00000039       0x3a aplite/src/resource_ids.auto.c.25.o
 .comment       0x00000039       0x3a src/message_keys.auto.c.25.o
 .comment       0x00000039       0x3a /home/stanelie/.pebble-sdk/SDKs/4.9.169/toolchain/arm-none-eabi/bin/../lib/gcc/arm-none-eabi/14.2.1/../../../../arm-none-eabi/lib/thumb/v7-m/nofp/libc.a(libc_a-atexit.o)
 .comment       0x00000039       0x3a /home/stanelie/.pebble-sdk/SDKs/4.9.169/toolchain/arm-none-eabi/bin/../lib/gcc/arm-none-eabi/14.2.1/../../../../arm-none-eabi/lib/thumb/v7-m/nofp/libc.a(libc_a-exit.o)
 .comment       0x00000039       0x3a /home/stanelie/.pebble-sdk/SDKs/4.9.169/toolchain/arm-none-eabi/bin/../lib/gcc/arm-none-eabi/14.2.1/../../../../arm-none-eabi/lib/thumb/v7-m/nofp/libc.a(libc_a-ctype_.o)
 .comment       0x00000039       0x3a /home/stanelie/.pebble-sdk/SDKs/4.9.169/toolchain/arm-none-eabi/bin/../lib/gcc/arm-none-eabi/14.2.1/../../../../arm-none-eabi/lib/thumb/v7-m/nofp/libc.a(libc_a-findfp.o)
 .comment       0x00000039       0x3a /home/stanelie/.pebble-sdk/SDKs/4.9.169/toolchain/arm-none-eabi/bin/../lib/gcc/arm-none-eabi/14.2.1/../../../../arm-none-eabi/lib/thumb/v7-m/nofp/libc.a(libc_a-fwalk.o)
 .comment       0x00000039       0x3a /home/stanelie/.pebble-sdk/SDKs/4.9.169/toolchain/arm-none-eabi/bin/../lib/gcc/arm-none-eabi/14.2.1/../../../../arm-none-eabi/lib/thumb/v7-m/nofp/libc.a(libc_a-stdio.o)
 .comment       0x00000039       0x3a /home/stanelie/.pebble-sdk/SDKs/4.9.169/toolchain/arm-none-eabi/bin/../lib/gcc/arm-none-eabi/14.2.1/../../../../arm-none-eabi/lib/thumb/v7-m/nofp/libc.a(libc_a-strcspn.o)
 .comment       0x00000039       0x3a /home/stanelie/.pebble-sdk/SDKs/4.9.169/toolchain/arm-none-eabi/bin/../lib/gcc/arm-none-eabi/14.2.1/../../../../arm-none-eabi/lib/thumb/v7-m/nofp/libc.a(libc_a-strspn.o)
 .comment       0x00000039       0x3a /home/stanelie/.pebble-sdk/SDKs/4.9.169/toolchain/arm-none-eabi/bin/../lib/gcc/arm-none-eabi/14.2.1/../../../../arm-none-eabi/lib/thumb/v7-m/nofp/libc.a(libc_a-closer.o)
 .comment       0x00000039       0x3a /home/stanelie/.pebble-sdk/SDKs/4.9.169/toolchain/arm-none-eabi/bin/../lib/gcc/arm-none-eabi/14.2.1/../../../../arm-none-eabi/lib/thumb/v7-m/nofp/libc.a(libc_a-reent.o)
 .comment       0x00000039       0x3a /home/stanelie/.pebble-sdk/SDKs/4.9.169/toolchain/arm-none-eabi/bin/../lib/gcc/arm-none-eabi/14.2.1/../../../../arm-none-eabi/lib/thumb/v7-m/nofp/libc.a(libc_a-impure.o)
 .comment       0x00000039       0x3a /home/stanelie/.pebble-sdk/SDKs/4.9.169/toolchain/arm-none-eabi/bin/../lib/gcc/arm-none-eabi/14.2.1/../../../../arm-none-eabi/lib/thumb/v7-m/nofp/libc.a(libc_a-lseekr.o)
 .comment       0x00000039       0x3a /home/stanelie/.pebble-sdk/SDKs/4.9.169/toolchain/arm-none-eabi/bin/../lib/gcc/arm-none-eabi/14.2.1/../../../../arm-none-eabi/lib/thumb/v7-m/nofp/libc.a(libc_a-readr.o)
 .comment       0x00000039       0x3a /home/stanelie/.pebble-sdk/SDKs/4.9.169/toolchain/arm-none-eabi/bin/../lib/gcc/arm-none-eabi/14.2.1/../../../../arm-none-eabi/lib/thumb/v7-m/nofp/libc.a(libc_a-writer.o)
 .comment       0x00000039       0x3a /home/stanelie/.pebble-sdk/SDKs/4.9.169/toolchain/arm-none-eabi/bin/../lib/gcc/arm-none-eabi/14.2.1/../../../../arm-none-eabi/lib/thumb/v7-m/nofp/libc.a(libc_a-init.o)
 .comment       0x00000039       0x3a /home/stanelie/.pebble-sdk/SDKs/4.9.169/toolchain/arm-none-eabi/bin/../lib/gcc/arm-none-eabi/14.2.1/../../../../arm-none-eabi/lib/thumb/v7-m/nofp/libc.a(libc_a-fini.o)
 .comment       0x00000039       0x3a /home/stanelie/.pebble-sdk/SDKs/4.9.169/toolchain/arm-none-eabi/bin/../lib/gcc/arm-none-eabi/14.2.1/../../../../arm-none-eabi/lib/thumb/v7-m/nofp/libc.a(libc_a-lock.o)
 .comment       0x00000039       0x3a /home/stanelie/.pebble-sdk/SDKs/4.9.169/toolchain/arm-none-eabi/bin/../lib/gcc/arm-none-eabi/14.2.1/../../../../arm-none-eabi/lib/thumb/v7-m/nofp/libc.a(libc_a-__atexit.o)
 .comment       0x00000039       0x3a /home/stanelie/.pebble-sdk/SDKs/4.9.169/toolchain/arm-none-eabi/bin/../lib/gcc/arm-none-eabi/14.2.1/../../../../arm-none-eabi/lib/thumb/v7-m/nofp/libc.a(libc_a-__call_atexit.o)
 .comment       0x00000039       0x3a /home/stanelie/.pebble-sdk/SDKs/4.9.169/toolchain/arm-none-eabi/bin/../lib/gcc/arm-none-eabi/14.2.1/../../../../arm-none-eabi/lib/thumb/v7-m/nofp/libc.a(libc_a-freer.o)
 .comment       0x00000039       0x3a /home/stanelie/.pebble-sdk/SDKs/4.9.169/toolchain/arm-none-eabi/bin/../lib/gcc/arm-none-eabi/14.2.1/../../../../arm-none-eabi/lib/thumb/v7-m/nofp/libc.a(libc_a-mallocr.o)
 .comment       0x00000039       0x3a /home/stanelie/.pebble-sdk/SDKs/4.9.169/toolchain/arm-none-eabi/bin/../lib/gcc/arm-none-eabi/14.2.1/../../../../arm-none-eabi/lib/thumb/v7-m/nofp/libc.a(libc_a-mlock.o)
 .comment       0x00000039       0x3a /home/stanelie/.pebble-sdk/SDKs/4.9.169/toolchain/arm-none-eabi/bin/../lib/gcc/arm-none-eabi/14.2.1/../../../../arm-none-eabi/lib/thumb/v7-m/nofp/libc.a(libc_a-fclose.o)
 .comment       0x00000039       0x3a /home/stanelie/.pebble-sdk/SDKs/4.9.169/toolchain/arm-none-eabi/bin/../lib/gcc/arm-none-eabi/14.2.1/../../../../arm-none-eabi/lib/thumb/v7-m/nofp/libc.a(libc_a-fflush.o)
 .comment       0x00000039       0x3a /home/stanelie/.pebble-sdk/SDKs/4.9.169/toolchain/arm-none-eabi/bin/../lib/gcc/arm-none-eabi/14.2.1/../../../../arm-none-eabi/lib/thumb/v7-m/nofp/libc.a(libc_a-sbrkr.o)
 .comment       0x00000039       0x3a /home/stanelie/.pebble-sdk/SDKs/4.9.169/toolchain/arm-none-eabi/bin/../lib/gcc/arm-none-eabi/14.2.1/../../../../arm-none-eabi/lib/thumb/v7-m/nofp/libc.a(libc_a-sysconf.o)
 .comment       0x00000039       0x3a /home/stanelie/.pebble-sdk/SDKs/4.9.169/toolchain/arm-none-eabi/bin/../lib/gcc/arm-none-eabi/14.2.1/../../../../arm-none-eabi/lib/thumb/v7-m/nofp/libc.a(libc_a-errno.o)
 .comment       0x00000039       0x3a /home/stanelie/.pebble-sdk/SDKs/4.9.169/toolchain/arm-none-eabi/bin/../lib/gcc/arm-none-eabi/14.2.1/thumb/v7-m/nofp/crtend.o

.debug_info     0x00000000     0x7a7e
 .debug_info    0x00000000      0x520 src/PDUtils.c.25.o
 .debug_info    0x00000520      0xf1e src/appMessage.c.25.o
 .debug_info    0x0000143e      0x8ad src/battery.c.25.o
 .debug_info    0x00001ceb      0x6c2 src/bluetooth.c.25.o
 .debug_info    0x000023ad      0x73c src/functions.c.25.o
 .debug_info    0x00002ae9      0x455 src/health.c.25.o
 .debug_info    0x00002f3e      0x2e2 src/language.c.25.o
 .debug_info    0x00003220     0x3ee6 src/main.c.25.o
 .debug_info    0x00007106      0x33e aplite/appinfo.auto.c.25.o
 .debug_info    0x00007444      0x3ad aplite/src/resource_ids.auto.c.25.o
 .debug_info    0x000077f1      0x28d src/message_keys.auto.c.25.o

.debug_abbrev   0x00000000     0x1301
 .debug_abbrev  0x00000000      0x21d src/PDUtils.c.25.o
 .debug_abbrev  0x0000021d      0x2ce src/appMessage.c.25.o
 .debug_abbrev  0x000004eb      0x267 src/battery.c.25.o
 .debug_abbrev  0x00000752      0x1ac src/bluetooth.c.25.o
 .debug_abbrev  0x000008fe      0x20e src/functions.c.25.o
 .debug_abbrev  0x00000b0c       0x6c src/health.c.25.o
 .debug_abbrev  0x00000b78      0x135 src/language.c.25.o
 .debug_abbrev  0x00000cad      0x507 src/main.c.25.o
 .debug_abbrev  0x000011b4       0xb9 aplite/appinfo.auto.c.25.o
 .debug_abbrev  0x0000126d       0x4a aplite/src/resource_ids.auto.c.25.o
 .debug_abbrev  0x000012b7       0x4a src/message_keys.auto.c.25.o

.debug_loclists
                0x00000000     0x152a
 .debug_loclists
                0x00000000      0x3c1 src/PDUtils.c.25.o
 .debug_loclists
                0x000003c1      0x632 src/appMessage.c.25.o
 .debug_loclists
                0x000009f3       0x88 src/battery.c.25.o
 .debug_loclists
                0x00000a7b       0x30 src/bluetooth.c.25.o
 .debug_loclists
                0x00000aab      0x4d7 src/functions.c.25.o
 .debug_loclists
                0x00000f82      0x173 src/language.c.25.o
 .debug_loclists
                0x000010f5      0x435 src/main.c.25.o

.debug_aranges  0x00000000      0x288
 .debug_aranges
                0x00000000       0x38 src/PDUtils.c.25.o
 .debug_aranges
                0x00000038       0x38 src/appMessage.c.25.o
 .debug_aranges
                0x00000070       0x28 src/battery.c.25.o
 .debug_aranges
                0x00000098       0x28 src/bluetooth.c.25.o
 .debug_aranges
                0x000000c0       0x50 src/functions.c.25.o
 .debug_aranges
                0x00000110       0x18 src/health.c.25.o
 .debug_aranges
                0x00000128       0x28 src/language.c.25.o
 .debug_aranges
                0x00000150       0xf0 src/main.c.25.o
 .debug_aranges
                0x00000240       0x18 aplite/appinfo.auto.c.25.o
 .debug_aranges
                0x00000258       0x18 aplite/src/resource_ids.auto.c.25.o
 .debug_aranges
                0x00000270       0x18 src/message_keys.auto.c.25.o

.debug_rnglists
                0x00000000      0x220
 .debug_rnglists
                0x00000000       0x6b src/PDUtils.c.25.o
 .debug_rnglists
                0x0000006b       0x29 src/appMessage.c.25.o
 .debug_rnglists
                0x00000094       0x26 src/battery.c.25.o
 .debug_rnglists
                0x000000ba       0x25 src/bluetooth.c.25.o
 .debug_rnglists
                0x000000df       0x3a src/functions.c.25.o
 .debug_rnglists
                0x00000119       0x19 src/language.c.25.o
 .debug_rnglists
                0x00000132       0xee src/main.c.25.o

.debug_line     0x00000000     0x3c2e
 .debug_line    0x00000000      0x4c7 src/PDUtils.c.25.o
 .debug_line    0x000004c7      0x6ba src/appMessage.c.25.o
 .debug_line    0x00000b81      0x2c0 src/battery.c.25.o
 .debug_line    0x00000e41      0x30d src/bluetooth.c.25.o
 .debug_line    0x0000114e      0x56d src/functions.c.25.o
 .debug_line    0x000016bb       0x9f src/health.c.25.o
 .debug_line    0x0000175a      0x1c7 src/language.c.25.o
 .debug_line    0x00001921     0x1f7b src/main.c.25.o
 .debug_line    0x0000389c      0x169 aplite/appinfo.auto.c.25.o
 .debug_line    0x00003a05      0x118 aplite/src/resource_ids.auto.c.25.o
 .debug_line    0x00003b1d      0x111 src/message_keys.auto.c.25.o

.debug_str      0x00000000     0x27d8
 .debug_str     0x00000000     0x27d8 src/PDUtils.c.25.o
                                0x268 (size before relaxing)
 .debug_str     0x000027d8      0xa7a src/appMessage.c.25.o
 .debug_str     0x000027d8      0x63c src/battery.c.25.o
 .debug_str     0x000027d8      0x70e src/bluetooth.c.25.o
 .debug_str     0x000027d8      0x411 src/functions.c.25.o
 .debug_str     0x000027d8      0x422 src/health.c.25.o
 .debug_str     0x000027d8      0x23d src/language.c.25.o
 .debug_str     0x000027d8     0x16fc src/main.c.25.o
 .debug_str     0x000027d8      0x4d0 aplite/appinfo.auto.c.25.o
 .debug_str     0x000027d8      0x6e0 aplite/src/resource_ids.auto.c.25.o
 .debug_str     0x000027d8      0x3f0 src/message_keys.auto.c.25.o

.debug_frame    0x00000000      0x750
 .debug_frame   0x00000000       0x88 src/PDUtils.c.25.o
 .debug_frame   0x00000088       0xb0 src/appMessage.c.25.o
 .debug_frame   0x00000138       0x68 src/battery.c.25.o
 .debug_frame   0x000001a0       0x60 src/bluetooth.c.25.o
 .debug_frame   0x00000200       0xd8 src/functions.c.25.o
 .debug_frame   0x000002d8       0x4c src/language.c.25.o
 .debug_frame   0x00000324      0x42c src/main.c.25.o
